GowinSynthesis start
Running parser ...
Analyzing Verilog file 'E:\Hais_files\HK_252\DA_TN\lab\final_capstone\src\APB_MCU_SPI.v'
Analyzing Verilog file 'E:\Hais_files\HK_252\DA_TN\lab\final_capstone\src\APB_bus_regs.v'
Analyzing Verilog file 'E:\Hais_files\HK_252\DA_TN\lab\final_capstone\src\Hpram_transfer.v'
Analyzing Verilog file 'E:\Hais_files\HK_252\DA_TN\lab\final_capstone\src\Semi_dual_port.v'
Analyzing Verilog file 'E:\Hais_files\HK_252\DA_TN\lab\final_capstone\src\Single_p.v'
Analyzing Verilog file 'E:\Hais_files\HK_252\DA_TN\lab\final_capstone\src\dvi_tx\dvi_tx.v'
Analyzing Verilog file 'E:\Hais_files\HK_252\DA_TN\lab\final_capstone\src\gowin_empu\gowin_empu.v'
Analyzing Verilog file 'E:\Hais_files\HK_252\DA_TN\lab\final_capstone\src\gowin_pllvr\GW_PLLVR.v'
Analyzing Verilog file 'E:\Hais_files\HK_252\DA_TN\lab\final_capstone\src\gowin_pllvr\TMDS_PLLVR.v'
Analyzing Verilog file 'E:\Hais_files\HK_252\DA_TN\lab\final_capstone\src\gowin_sdpb\gowin_sdpb.v'
Analyzing Verilog file 'E:\Hais_files\HK_252\DA_TN\lab\final_capstone\src\gowin_sp\gowin_sp.v'
Analyzing Verilog file 'E:\Hais_files\HK_252\DA_TN\lab\final_capstone\src\hyperram_memory_interface\hyperram_memory_interface.v'
Analyzing Verilog file 'E:\Hais_files\HK_252\DA_TN\lab\final_capstone\src\image_stream.v'
Analyzing Verilog file 'E:\Hais_files\HK_252\DA_TN\lab\final_capstone\src\key_request.v'
Analyzing Verilog file 'E:\Hais_files\HK_252\DA_TN\lab\final_capstone\src\ov2640\I2C_Interface.v'
Analyzing Verilog file 'E:\Hais_files\HK_252\DA_TN\lab\final_capstone\src\ov2640\OV2640_Controller.v'
Analyzing Verilog file 'E:\Hais_files\HK_252\DA_TN\lab\final_capstone\src\ov2640\OV2640_Registers.v'
Analyzing Verilog file 'E:\Hais_files\HK_252\DA_TN\lab\final_capstone\src\syn_code\syn_gen.v'
Analyzing Verilog file 'E:\Hais_files\HK_252\DA_TN\lab\final_capstone\src\testpattern.v'
Undeclared symbol 'O_de', assumed default net type 'wire'("E:\Hais_files\HK_252\DA_TN\lab\final_capstone\src\testpattern.v":110)
Analyzing Verilog file 'E:\Hais_files\HK_252\DA_TN\lab\final_capstone\src\video_frame_buffer\video_frame_buffer.v'
Analyzing Verilog file 'E:\Hais_files\HK_252\DA_TN\lab\final_capstone\src\video_top.v'
Compiling module 'video_top'("E:\Hais_files\HK_252\DA_TN\lab\final_capstone\src\video_top.v":23)
Compiling module 'key_request'("E:\Hais_files\HK_252\DA_TN\lab\final_capstone\src\key_request.v":1)
WARN  (EX3791) : Expression size 21 truncated to fit in target size 20("E:\Hais_files\HK_252\DA_TN\lab\final_capstone\src\key_request.v":31)
Compiling module '**'("E:\Hais_files\HK_252\DA_TN\lab\final_capstone\src\gowin_empu\gowin_empu.v":1567)
Compiling module 'APB_bus_regs'("E:\Hais_files\HK_252\DA_TN\lab\final_capstone\src\APB_bus_regs.v":1)
Compiling module 'testpattern'("E:\Hais_files\HK_252\DA_TN\lab\final_capstone\src\testpattern.v":2)
WARN  (EX3791) : Expression size 13 truncated to fit in target size 9("E:\Hais_files\HK_252\DA_TN\lab\final_capstone\src\testpattern.v":209)
WARN  (EX3791) : Expression size 5 truncated to fit in target size 4("E:\Hais_files\HK_252\DA_TN\lab\final_capstone\src\testpattern.v":253)
WARN  (EX3791) : Expression size 32 truncated to fit in target size 10("E:\Hais_files\HK_252\DA_TN\lab\final_capstone\src\testpattern.v":297)
WARN  (EX1998) : Net 'digits[45][9]' does not have a driver("E:\Hais_files\HK_252\DA_TN\lab\final_capstone\src\testpattern.v":197)
WARN  (EX3791) : Expression size 11 truncated to fit in target size 10("E:\Hais_files\HK_252\DA_TN\lab\final_capstone\src\video_top.v":268)
Compiling module 'OV2640_Controller'("E:\Hais_files\HK_252\DA_TN\lab\final_capstone\src\ov2640\OV2640_Controller.v":1)
Compiling module 'OV2640_Registers'("E:\Hais_files\HK_252\DA_TN\lab\final_capstone\src\ov2640\OV2640_Registers.v":1)
WARN  (EX3791) : Expression size 11 truncated to fit in target size 10("E:\Hais_files\HK_252\DA_TN\lab\final_capstone\src\ov2640\OV2640_Registers.v":38)
Compiling module 'I2C_Interface(SID=8'h60)'("E:\Hais_files\HK_252\DA_TN\lab\final_capstone\src\ov2640\I2C_Interface.v":14)
WARN  (EX3791) : Expression size 9 truncated to fit in target size 8("E:\Hais_files\HK_252\DA_TN\lab\final_capstone\src\ov2640\I2C_Interface.v":81)
WARN  (EX3791) : Expression size 9 truncated to fit in target size 8("E:\Hais_files\HK_252\DA_TN\lab\final_capstone\src\ov2640\I2C_Interface.v":166)
Compiling module 'Single_p'("E:\Hais_files\HK_252\DA_TN\lab\final_capstone\src\Single_p.v":1)
Extracting RAM for identifier 'mem'("E:\Hais_files\HK_252\DA_TN\lab\final_capstone\src\Single_p.v":10)
Compiling module 'APB_MCU_SPI'("E:\Hais_files\HK_252\DA_TN\lab\final_capstone\src\APB_MCU_SPI.v":1)
WARN  (EX3670) : Actual bit length 16 differs from formal bit length 32 for port 'data_in'("E:\Hais_files\HK_252\DA_TN\lab\final_capstone\src\video_top.v":368)
Compiling module 'Video_Frame_Buffer_Top'("E:\Hais_files\HK_252\DA_TN\lab\final_capstone\src\video_frame_buffer\video_frame_buffer.v":3014)
Compiling module '**'("E:\Hais_files\HK_252\DA_TN\lab\final_capstone\src\video_frame_buffer\video_frame_buffer.v":3013)
Compiling module 'GW_PLLVR'("E:\Hais_files\HK_252\DA_TN\lab\final_capstone\src\gowin_pllvr\GW_PLLVR.v":9)
Compiling module 'HyperRAM_Memory_Interface_Top'("E:\Hais_files\HK_252\DA_TN\lab\final_capstone\src\hyperram_memory_interface\hyperram_memory_interface.v":3735)
Compiling module '**'("E:\Hais_files\HK_252\DA_TN\lab\final_capstone\src\hyperram_memory_interface\hyperram_memory_interface.v":3734)
WARN  (EX1998) : Net '**' does not have a driver("E:\Hais_files\HK_252\DA_TN\lab\final_capstone\src\hyperram_memory_interface\hyperram_memory_interface.v":3734)
Compiling module 'syn_gen'("E:\Hais_files\HK_252\DA_TN\lab\final_capstone\src\syn_code\syn_gen.v":13)
Compiling module 'TMDS_PLLVR'("E:\Hais_files\HK_252\DA_TN\lab\final_capstone\src\gowin_pllvr\TMDS_PLLVR.v":9)
Compiling module 'DVI_TX_Top'("E:\Hais_files\HK_252\DA_TN\lab\final_capstone\src\dvi_tx\dvi_tx.v":1048)
Compiling module '**'("E:\Hais_files\HK_252\DA_TN\lab\final_capstone\src\dvi_tx\dvi_tx.v":1047)
WARN  (EX1998) : Net 'return_key' does not have a driver("E:\Hais_files\HK_252\DA_TN\lab\final_capstone\src\video_top.v":128)
NOTE  (EX0101) : Current top module is "video_top"
WARN  (EX0211) : The output port "rd_data[10]" of module "~hpram_wd.HyperRAM_Memory_Interface_Top_" has no driver, assigning undriven bits to Z, simulation mismatch possible("E:\Hais_files\HK_252\DA_TN\lab\final_capstone\src\hyperram_memory_interface\hyperram_memory_interface.v":3734)
WARN  (EX0211) : The output port "rd_data[5]" of module "~hpram_wd.HyperRAM_Memory_Interface_Top_" has no driver, assigning undriven bits to Z, simulation mismatch possible("E:\Hais_files\HK_252\DA_TN\lab\final_capstone\src\hyperram_memory_interface\hyperram_memory_interface.v":3734)
WARN  (EX0211) : The output port "rd_data[10]" of module "~hpram_lane.HyperRAM_Memory_Interface_Top__Z1" has no driver, assigning undriven bits to Z, simulation mismatch possible("E:\Hais_files\HK_252\DA_TN\lab\final_capstone\src\hyperram_memory_interface\hyperram_memory_interface.v":3734)
WARN  (EX0211) : The output port "rd_data[5]" of module "~hpram_lane.HyperRAM_Memory_Interface_Top__Z1" has no driver, assigning undriven bits to Z, simulation mismatch possible("E:\Hais_files\HK_252\DA_TN\lab\final_capstone\src\hyperram_memory_interface\hyperram_memory_interface.v":3734)
WARN  (EX0211) : The output port "addr_d[19]" of module "~hpram_init.HyperRAM_Memory_Interface_Top_" has no driver, assigning undriven bits to Z, simulation mismatch possible("E:\Hais_files\HK_252\DA_TN\lab\final_capstone\src\hyperram_memory_interface\hyperram_memory_interface.v":3734)
[5%] Running netlist conversion ...
WARN  (CV0023) : Sweep user defined iobuf instance "gpio1" with dangling iopin("E:\Hais_files\HK_252\DA_TN\lab\final_capstone\src\gowin_empu\gowin_empu.v":1567)
WARN  (CV0023) : Sweep user defined iobuf instance "gpio2" with dangling iopin("E:\Hais_files\HK_252\DA_TN\lab\final_capstone\src\gowin_empu\gowin_empu.v":1567)
WARN  (CV0023) : Sweep user defined iobuf instance "gpio3" with dangling iopin("E:\Hais_files\HK_252\DA_TN\lab\final_capstone\src\gowin_empu\gowin_empu.v":1567)
WARN  (CV0023) : Sweep user defined iobuf instance "gpio4" with dangling iopin("E:\Hais_files\HK_252\DA_TN\lab\final_capstone\src\gowin_empu\gowin_empu.v":1567)
WARN  (CV0023) : Sweep user defined iobuf instance "gpio5" with dangling iopin("E:\Hais_files\HK_252\DA_TN\lab\final_capstone\src\gowin_empu\gowin_empu.v":1567)
WARN  (CV0023) : Sweep user defined iobuf instance "gpio6" with dangling iopin("E:\Hais_files\HK_252\DA_TN\lab\final_capstone\src\gowin_empu\gowin_empu.v":1567)
WARN  (CV0023) : Sweep user defined iobuf instance "gpio7" with dangling iopin("E:\Hais_files\HK_252\DA_TN\lab\final_capstone\src\gowin_empu\gowin_empu.v":1567)
WARN  (CV0023) : Sweep user defined iobuf instance "gpio8" with dangling iopin("E:\Hais_files\HK_252\DA_TN\lab\final_capstone\src\gowin_empu\gowin_empu.v":1567)
WARN  (CV0023) : Sweep user defined iobuf instance "gpio9" with dangling iopin("E:\Hais_files\HK_252\DA_TN\lab\final_capstone\src\gowin_empu\gowin_empu.v":1567)
WARN  (CV0023) : Sweep user defined iobuf instance "gpio10" with dangling iopin("E:\Hais_files\HK_252\DA_TN\lab\final_capstone\src\gowin_empu\gowin_empu.v":1567)
WARN  (CV0023) : Sweep user defined iobuf instance "gpio11" with dangling iopin("E:\Hais_files\HK_252\DA_TN\lab\final_capstone\src\gowin_empu\gowin_empu.v":1567)
WARN  (CV0023) : Sweep user defined iobuf instance "gpio12" with dangling iopin("E:\Hais_files\HK_252\DA_TN\lab\final_capstone\src\gowin_empu\gowin_empu.v":1567)
WARN  (CV0023) : Sweep user defined iobuf instance "gpio13" with dangling iopin("E:\Hais_files\HK_252\DA_TN\lab\final_capstone\src\gowin_empu\gowin_empu.v":1567)
WARN  (CV0023) : Sweep user defined iobuf instance "gpio14" with dangling iopin("E:\Hais_files\HK_252\DA_TN\lab\final_capstone\src\gowin_empu\gowin_empu.v":1567)
WARN  (CV0023) : Sweep user defined iobuf instance "gpio15" with dangling iopin("E:\Hais_files\HK_252\DA_TN\lab\final_capstone\src\gowin_empu\gowin_empu.v":1567)
WARN  (CV0020) : Input PIXDATA[1:0] is unused("E:\Hais_files\HK_252\DA_TN\lab\final_capstone\src\video_top.v":33)
WARN  (CV0017) : Inout nss is unused("E:\Hais_files\HK_252\DA_TN\lab\final_capstone\src\video_top.v":44)
Running device independent optimization ...
[10%] Optimizing Phase 0 completed
[15%] Optimizing Phase 1 completed
[25%] Optimizing Phase 2 completed
Running inference ...
[30%] Inferring Phase 0 completed
[40%] Inferring Phase 1 completed
[50%] Inferring Phase 2 completed
[55%] Inferring Phase 3 completed
Running technical mapping ...
[60%] Tech-Mapping Phase 0 completed
[65%] Tech-Mapping Phase 1 completed
[75%] Tech-Mapping Phase 2 completed
[80%] Tech-Mapping Phase 3 completed
[90%] Tech-Mapping Phase 4 completed
[95%] Generate netlist file "E:\Hais_files\HK_252\DA_TN\lab\final_capstone\impl\gwsynthesis\dk_video.vg" completed
[100%] Generate report file "E:\Hais_files\HK_252\DA_TN\lab\final_capstone\impl\gwsynthesis\dk_video_syn.rpt.html" completed
GowinSynthesis finish
