Archive member included to satisfy reference by file (symbol)

c:/gmd/toolchain/arm_toolchain/bin/../lib/gcc/arm-none-eabi/8.3.1/../../../../arm-none-eabi/lib/thumb/v7-m/nofp\libg.a(lib_a-exit.o)
                              c:/gmd/toolchain/arm_toolchain/bin/../lib/gcc/arm-none-eabi/8.3.1/../../../../arm-none-eabi/lib/thumb/v7-m/nofp/crt0.o (exit)
c:/gmd/toolchain/arm_toolchain/bin/../lib/gcc/arm-none-eabi/8.3.1/../../../../arm-none-eabi/lib/thumb/v7-m/nofp\libg.a(lib_a-impure.o)
                              c:/gmd/toolchain/arm_toolchain/bin/../lib/gcc/arm-none-eabi/8.3.1/../../../../arm-none-eabi/lib/thumb/v7-m/nofp\libg.a(lib_a-exit.o) (_global_impure_ptr)
c:/gmd/toolchain/arm_toolchain/bin/../lib/gcc/arm-none-eabi/8.3.1/../../../../arm-none-eabi/lib/thumb/v7-m/nofp\libg.a(lib_a-init.o)
                              c:/gmd/toolchain/arm_toolchain/bin/../lib/gcc/arm-none-eabi/8.3.1/../../../../arm-none-eabi/lib/thumb/v7-m/nofp/crt0.o (__libc_init_array)
c:/gmd/toolchain/arm_toolchain/bin/../lib/gcc/arm-none-eabi/8.3.1/../../../../arm-none-eabi/lib/thumb/v7-m/nofp\libg.a(lib_a-memcpy.o)
                              ./mycode/gps_neo_6m.o (memcpy)
c:/gmd/toolchain/arm_toolchain/bin/../lib/gcc/arm-none-eabi/8.3.1/../../../../arm-none-eabi/lib/thumb/v7-m/nofp\libg.a(lib_a-memset.o)
                              c:/gmd/toolchain/arm_toolchain/bin/../lib/gcc/arm-none-eabi/8.3.1/../../../../arm-none-eabi/lib/thumb/v7-m/nofp/crt0.o (memset)
c:/gmd/toolchain/arm_toolchain/bin/../lib/gcc/arm-none-eabi/8.3.1/../../../../arm-none-eabi/lib/thumb/v7-m/nofp\libg.a(lib_a-sprintf.o)
                              ./mycode/gps_neo_6m.o (sprintf)
c:/gmd/toolchain/arm_toolchain/bin/../lib/gcc/arm-none-eabi/8.3.1/../../../../arm-none-eabi/lib/thumb/v7-m/nofp\libg.a(lib_a-strncmp.o)
                              ./mycode/gps_neo_6m.o (strncmp)
c:/gmd/toolchain/arm_toolchain/bin/../lib/gcc/arm-none-eabi/8.3.1/../../../../arm-none-eabi/lib/thumb/v7-m/nofp\libg.a(lib_a-strncpy.o)
                              ./mycode/gps_neo_6m.o (strncpy)
c:/gmd/toolchain/arm_toolchain/bin/../lib/gcc/arm-none-eabi/8.3.1/../../../../arm-none-eabi/lib/thumb/v7-m/nofp\libg.a(lib_a-svfprintf.o)
                              c:/gmd/toolchain/arm_toolchain/bin/../lib/gcc/arm-none-eabi/8.3.1/../../../../arm-none-eabi/lib/thumb/v7-m/nofp\libg.a(lib_a-sprintf.o) (_svfprintf_r)
c:/gmd/toolchain/arm_toolchain/bin/../lib/gcc/arm-none-eabi/8.3.1/../../../../arm-none-eabi/lib/thumb/v7-m/nofp\libg.a(lib_a-__call_atexit.o)
                              c:/gmd/toolchain/arm_toolchain/bin/../lib/gcc/arm-none-eabi/8.3.1/../../../../arm-none-eabi/lib/thumb/v7-m/nofp\libg.a(lib_a-exit.o) (__call_exitprocs)
c:/gmd/toolchain/arm_toolchain/bin/../lib/gcc/arm-none-eabi/8.3.1/../../../../arm-none-eabi/lib/thumb/v7-m/nofp\libg.a(lib_a-atexit.o)
                              c:/gmd/toolchain/arm_toolchain/bin/../lib/gcc/arm-none-eabi/8.3.1/../../../../arm-none-eabi/lib/thumb/v7-m/nofp\libg.a(lib_a-__call_atexit.o) (atexit)
c:/gmd/toolchain/arm_toolchain/bin/../lib/gcc/arm-none-eabi/8.3.1/../../../../arm-none-eabi/lib/thumb/v7-m/nofp\libg.a(lib_a-dtoa.o)
                              c:/gmd/toolchain/arm_toolchain/bin/../lib/gcc/arm-none-eabi/8.3.1/../../../../arm-none-eabi/lib/thumb/v7-m/nofp\libg.a(lib_a-svfprintf.o) (_dtoa_r)
c:/gmd/toolchain/arm_toolchain/bin/../lib/gcc/arm-none-eabi/8.3.1/../../../../arm-none-eabi/lib/thumb/v7-m/nofp\libg.a(lib_a-fini.o)
                              c:/gmd/toolchain/arm_toolchain/bin/../lib/gcc/arm-none-eabi/8.3.1/../../../../arm-none-eabi/lib/thumb/v7-m/nofp\libg.a(lib_a-__call_atexit.o) (__libc_fini_array)
c:/gmd/toolchain/arm_toolchain/bin/../lib/gcc/arm-none-eabi/8.3.1/../../../../arm-none-eabi/lib/thumb/v7-m/nofp\libg.a(lib_a-freer.o)
                              c:/gmd/toolchain/arm_toolchain/bin/../lib/gcc/arm-none-eabi/8.3.1/../../../../arm-none-eabi/lib/thumb/v7-m/nofp\libg.a(lib_a-svfprintf.o) (_free_r)
c:/gmd/toolchain/arm_toolchain/bin/../lib/gcc/arm-none-eabi/8.3.1/../../../../arm-none-eabi/lib/thumb/v7-m/nofp\libg.a(lib_a-localeconv.o)
                              c:/gmd/toolchain/arm_toolchain/bin/../lib/gcc/arm-none-eabi/8.3.1/../../../../arm-none-eabi/lib/thumb/v7-m/nofp\libg.a(lib_a-svfprintf.o) (_localeconv_r)
c:/gmd/toolchain/arm_toolchain/bin/../lib/gcc/arm-none-eabi/8.3.1/../../../../arm-none-eabi/lib/thumb/v7-m/nofp\libg.a(lib_a-lock.o)
                              c:/gmd/toolchain/arm_toolchain/bin/../lib/gcc/arm-none-eabi/8.3.1/../../../../arm-none-eabi/lib/thumb/v7-m/nofp\libg.a(lib_a-__call_atexit.o) (__retarget_lock_acquire_recursive)
c:/gmd/toolchain/arm_toolchain/bin/../lib/gcc/arm-none-eabi/8.3.1/../../../../arm-none-eabi/lib/thumb/v7-m/nofp\libg.a(lib_a-mallocr.o)
                              c:/gmd/toolchain/arm_toolchain/bin/../lib/gcc/arm-none-eabi/8.3.1/../../../../arm-none-eabi/lib/thumb/v7-m/nofp\libg.a(lib_a-svfprintf.o) (_malloc_r)
[...]
Memory Configuration

Name             Origin             Length             Attributes
FLASH            0x00000000         0x00008000         xr
RAM              0x20000000         0x00004000         xrw
*default*        0x00000000         0xffffffff

Linker script and memory map

LOAD c:/gmd/toolchain/arm_toolchain/bin/../lib/gcc/arm-none-eabi/8.3.1/thumb/v7-m/nofp/crti.o
LOAD c:/gmd/toolchain/arm_toolchain/bin/../lib/gcc/arm-none-eabi/8.3.1/thumb/v7-m/nofp/crtbegin.o
LOAD c:/gmd/toolchain/arm_toolchain/bin/../lib/gcc/arm-none-eabi/8.3.1/../../../../arm-none-eabi/lib/thumb/v7-m/nofp/crt0.o
LOAD ./mycode/apb.o
LOAD ./mycode/gps_neo_6m.o
LOAD ./mycode/gw1ns4c_it.o
LOAD ./mycode/hb100.o
LOAD ./mycode/main.o
LOAD ./mycode/retarget.o
LOAD ./lib/StdPeriph_Driver/Sources/gpio.o
LOAD ./lib/StdPeriph_Driver/Sources/gw1ns4c_gpio.o
LOAD ./lib/StdPeriph_Driver/Sources/gw1ns4c_i2c.o
LOAD ./lib/StdPeriph_Driver/Sources/gw1ns4c_misc.o
LOAD ./lib/StdPeriph_Driver/Sources/gw1ns4c_rtc.o
LOAD ./lib/StdPeriph_Driver/Sources/gw1ns4c_spi.o
LOAD ./lib/StdPeriph_Driver/Sources/gw1ns4c_syscon.o
LOAD ./lib/StdPeriph_Driver/Sources/gw1ns4c_timer.o
LOAD ./lib/StdPeriph_Driver/Sources/gw1ns4c_uart.o
LOAD ./lib/StdPeriph_Driver/Sources/gw1ns4c_wdog.o
LOAD ./lib/StdPeriph_Driver/Sources/pwm_controller.o
LOAD ./lib/StdPeriph_Driver/Sources/uart.o
LOAD ./lib/CMSIS/DeviceSupport/system/system_gw1ns4c.o
LOAD ./lib/CMSIS/DeviceSupport/startup/gmd/startup_gw1ns4c.o
LOAD ./lib/CMSIS/CoreSupport/gmd/core_cm3.o
LOAD c:/gmd/toolchain/arm_toolchain/bin/../lib/gcc/arm-none-eabi/8.3.1/../../../../arm-none-eabi/lib/thumb/v7-m/nofp\libstdc++.a
LOAD c:/gmd/toolchain/arm_toolchain/bin/../lib/gcc/arm-none-eabi/8.3.1/../../../../arm-none-eabi/lib/thumb/v7-m/nofp\libm.a
START GROUP
LOAD c:/gmd/toolchain/arm_toolchain/bin/../lib/gcc/arm-none-eabi/8.3.1/thumb/v7-m/nofp\libgcc.a
LOAD c:/gmd/toolchain/arm_toolchain/bin/../lib/gcc/arm-none-eabi/8.3.1/../../../../arm-none-eabi/lib/thumb/v7-m/nofp\libg.a
LOAD c:/gmd/toolchain/arm_toolchain/bin/../lib/gcc/arm-none-eabi/8.3.1/../../../../arm-none-eabi/lib/thumb/v7-m/nofp\libc.a
END GROUP
LOAD c:/gmd/toolchain/arm_toolchain/bin/../lib/gcc/arm-none-eabi/8.3.1/thumb/v7-m/nofp/crtend.o
LOAD c:/gmd/toolchain/arm_toolchain/bin/../lib/gcc/arm-none-eabi/8.3.1/thumb/v7-m/nofp/crtn.o
START GROUP
LOAD c:/gmd/toolchain/arm_toolchain/bin/../lib/gcc/arm-none-eabi/8.3.1/thumb/v7-m/nofp\libgcc.a
LOAD c:/gmd/toolchain/arm_toolchain/bin/../lib/gcc/arm-none-eabi/8.3.1/../../../../arm-none-eabi/lib/thumb/v7-m/nofp\libc.a
LOAD c:/gmd/toolchain/arm_toolchain/bin/../lib/gcc/arm-none-eabi/8.3.1/../../../../arm-none-eabi/lib/thumb/v7-m/nofp\libm.a
LOAD c:/gmd/toolchain/arm_toolchain/bin/../lib/gcc/arm-none-eabi/8.3.1/../../../../arm-none-eabi/lib/thumb/v7-m/nofp\libnosys.a
END GROUP

.text           0x00000000     0x6095
 *(.isr_vector)
 .isr_vector    0x00000000       0xc0 ./lib/CMSIS/DeviceSupport/startup/gmd/startup_gw1ns4c.o
                0x00000000                __isr_vector
 *(.text*)
 .text.APB_Write
                0x000000c0       0x1a ./mycode/apb.o
                0x000000c0                APB_Write
 .text.APB_SendString
                0x000000da       0x78 ./mycode/apb.o
                0x000000da                APB_SendString
 .text.GPS_Init
                0x00000152       0x12 ./mycode/gps_neo_6m.o
                0x00000152                GPS_Init
 .text.getField
                0x00000164       0x4a ./mycode/gps_neo_6m.o
 *fill*         0x000001ae        0x2 
 .text.NMEA_To_String
                0x000001b0      0x1ac ./mycode/gps_neo_6m.o
 .text.parse    0x0000035c      0x138 ./mycode/gps_neo_6m.o
 .text.GPS_Process
                0x00000494       0x88 ./mycode/gps_neo_6m.o
                0x00000494                GPS_Process
 .text.GPS_GetFrame
                0x0000051c       0x14 ./mycode/gps_neo_6m.o
                0x0000051c                GPS_GetFrame
 .text.GPS_IsUpdated
                0x00000530       0x14 ./mycode/gps_neo_6m.o
                0x00000530                GPS_IsUpdated
 .text.GPS_ClearUpdated
                0x00000544       0x18 ./mycode/gps_neo_6m.o
                0x00000544                GPS_ClearUpdated
 .text.NMI_Handler
                0x0000055c        0xc ./mycode/gw1ns4c_it.o
                0x0000055c                NMI_Handler
 .text.HardFault_Handler
                0x00000568        0x6 ./mycode/gw1ns4c_it.o
                0x00000568                HardFault_Handler
 .text.MemManage_Handler
                0x0000056e        0x6 ./mycode/gw1ns4c_it.o
                0x0000056e                MemManage_Handler
 .text.BusFault_Handler
                0x00000574        0x6 ./mycode/gw1ns4c_it.o
                0x00000574                BusFault_Handler
 .text.UsageFault_Handler
                0x0000057a        0x6 ./mycode/gw1ns4c_it.o
                0x0000057a                UsageFault_Handler
 .text.SVC_Handler
                0x00000580        0xc ./mycode/gw1ns4c_it.o
                0x00000580                SVC_Handler
 .text.DebugMon_Handler
                0x0000058c        0xc ./mycode/gw1ns4c_it.o
                0x0000058c                DebugMon_Handler
 .text.PendSV_Handler
                0x00000598        0xc ./mycode/gw1ns4c_it.o
                0x00000598                PendSV_Handler
 .text.SysTick_Handler
                0x000005a4        0xc ./mycode/gw1ns4c_it.o
                0x000005a4                SysTick_Handler
 .text.USER_INT0_Handler
                0x000005b0        0xc ./mycode/gw1ns4c_it.o
                0x000005b0                USER_INT0_Handler
 .text.USER_INT1_Handler
                0x000005bc        0xc ./mycode/gw1ns4c_it.o
                0x000005bc                USER_INT1_Handler
 .text.USER_INT2_Handler
                0x000005c8        0xc ./mycode/gw1ns4c_it.o
                0x000005c8                USER_INT2_Handler
 .text.USER_INT3_Handler
                0x000005d4        0xc ./mycode/gw1ns4c_it.o
                0x000005d4                USER_INT3_Handler
 .text.USER_INT4_Handler
                0x000005e0        0xc ./mycode/gw1ns4c_it.o
                0x000005e0                USER_INT4_Handler
 .text.USER_INT5_Handler
                0x000005ec        0xc ./mycode/gw1ns4c_it.o
                0x000005ec                USER_INT5_Handler
 .text.UART0_Handler
                0x000005f8        0xc ./mycode/gw1ns4c_it.o
                0x000005f8                UART0_Handler
 .text.UART1_Handler
                0x00000604        0xc ./mycode/gw1ns4c_it.o
                0x00000604                UART1_Handler
 .text.TIMER0_Handler
                0x00000610        0xc ./mycode/gw1ns4c_it.o
                0x00000610                TIMER0_Handler
 .text.TIMER1_Handler
                0x0000061c        0xc ./mycode/gw1ns4c_it.o
                0x0000061c                TIMER1_Handler
 .text.I2C_Handler
                0x00000628        0xc ./mycode/gw1ns4c_it.o
                0x00000628                I2C_Handler
 .text.RTC_Handler
                0x00000634        0xc ./mycode/gw1ns4c_it.o
                0x00000634                RTC_Handler
 .text.PORT0_0_Handler
                0x00000640        0xc ./mycode/gw1ns4c_it.o
                0x00000640                PORT0_0_Handler
 .text.PORT0_1_Handler
                0x0000064c        0xc ./mycode/gw1ns4c_it.o
                0x0000064c                PORT0_1_Handler
 .text.PORT0_2_Handler
                0x00000658        0xc ./mycode/gw1ns4c_it.o
                0x00000658                PORT0_2_Handler
 .text.PORT0_3_Handler
                0x00000664        0xc ./mycode/gw1ns4c_it.o
                0x00000664                PORT0_3_Handler
 .text.PORT0_4_Handler
                0x00000670        0xc ./mycode/gw1ns4c_it.o
                0x00000670                PORT0_4_Handler
 .text.PORT0_5_Handler
                0x0000067c        0xc ./mycode/gw1ns4c_it.o
                0x0000067c                PORT0_5_Handler
 .text.PORT0_6_Handler
                0x00000688        0xc ./mycode/gw1ns4c_it.o
                0x00000688                PORT0_6_Handler
 .text.PORT0_7_Handler
                0x00000694        0xc ./mycode/gw1ns4c_it.o
                0x00000694                PORT0_7_Handler
 .text.PORT0_8_Handler
                0x000006a0        0xc ./mycode/gw1ns4c_it.o
                0x000006a0                PORT0_8_Handler
 .text.PORT0_9_Handler
                0x000006ac        0xc ./mycode/gw1ns4c_it.o
                0x000006ac                PORT0_9_Handler
 .text.PORT0_10_Handler
                0x000006b8        0xc ./mycode/gw1ns4c_it.o
                0x000006b8                PORT0_10_Handler
 .text.PORT0_11_Handler
                0x000006c4        0xc ./mycode/gw1ns4c_it.o
                0x000006c4                PORT0_11_Handler
 .text.PORT0_12_Handler
                0x000006d0        0xc ./mycode/gw1ns4c_it.o
                0x000006d0                PORT0_12_Handler
 .text.PORT0_13_Handler
                0x000006dc        0xc ./mycode/gw1ns4c_it.o
                0x000006dc                PORT0_13_Handler
 .text.PORT0_14_Handler
                0x000006e8        0xc ./mycode/gw1ns4c_it.o
                0x000006e8                PORT0_14_Handler
 .text.PORT0_15_Handler
                0x000006f4        0xc ./mycode/gw1ns4c_it.o
                0x000006f4                PORT0_15_Handler
 .text.timer_init
                0x00000700       0x30 ./mycode/hb100.o
 .text.gpio_init
                0x00000730       0x40 ./mycode/hb100.o
 .text.HB100_Init
                0x00000770       0x10 ./mycode/hb100.o
                0x00000770                HB100_Init
 .text.wait_rising
                0x00000780       0x20 ./mycode/hb100.o
 .text.wait_falling
                0x000007a0       0x20 ./mycode/hb100.o
 .text.measure_period
                0x000007c0       0x46 ./mycode/hb100.o
 *fill*         0x00000806        0x2 
 .text.HB100_GetFrequency
                0x00000808       0xc8 ./mycode/hb100.o
                0x00000808                HB100_GetFrequency
 .text.HB100_GetVelocity
                0x000008d0       0x38 ./mycode/hb100.o
                0x000008d0                HB100_GetVelocity
 .text.HB100_GetPackedBCD
                0x00000908       0xb8 ./mycode/hb100.o
                0x00000908                HB100_GetPackedBCD
 .text.delay_ticks
                0x000009c0       0x4c ./mycode/hb100.o
                0x000009c0                delay_ticks
 .text.main     0x00000a0c       0x90 ./mycode/main.o
                0x00000a0c                main
 .text.GPIO_Init
                0x00000a9c      0x190 ./lib/StdPeriph_Driver/Sources/gw1ns4c_gpio.o
                0x00000a9c                GPIO_Init
 .text.GPIO_ReadBits
                0x00000c2c       0x16 ./lib/StdPeriph_Driver/Sources/gw1ns4c_gpio.o
                0x00000c2c                GPIO_ReadBits
 .text.TIMER_Init
                0x00000c42       0x9a ./lib/StdPeriph_Driver/Sources/gw1ns4c_timer.o
                0x00000c42                TIMER_Init
 .text.TIMER_StartTimer
                0x00000cdc       0x1e ./lib/StdPeriph_Driver/Sources/gw1ns4c_timer.o
                0x00000cdc                TIMER_StartTimer
 .text.TIMER_GetValue
                0x00000cfa       0x16 ./lib/StdPeriph_Driver/Sources/gw1ns4c_timer.o
                0x00000cfa                TIMER_GetValue
 .text.uart_init
                0x00000d10       0x32 ./lib/StdPeriph_Driver/Sources/uart.o
                0x00000d10                uart_init
 .text.uart_getchar
                0x00000d42       0x32 ./lib/StdPeriph_Driver/Sources/uart.o
                0x00000d42                uart_getchar
 .text.uart_available
                0x00000d74       0x22 ./lib/StdPeriph_Driver/Sources/uart.o
                0x00000d74                uart_available
 *fill*         0x00000d96        0x2 
 .text.SystemInit
                0x00000d98       0x40 ./lib/CMSIS/DeviceSupport/system/system_gw1ns4c.o
                0x00000d98                SystemInit
 .text          0x00000dd8       0x98 ./lib/CMSIS/DeviceSupport/startup/gmd/startup_gw1ns4c.o
                0x00000dd8                Reset_Handler
                0x00000e3e                PORT0_COMB_Handler
                0x00000e48                UARTOVF_Handler
                0x00000e4e                Spare15_Handler
 .text.exit     0x00000e70       0x20 c:/gmd/toolchain/arm_toolchain/bin/../lib/gcc/arm-none-eabi/8.3.1/../../../../arm-none-eabi/lib/thumb/v7-m/nofp\libg.a(lib_a-exit.o)
                0x00000e70                exit
 .text          0x00000e90       0xec c:/gmd/toolchain/arm_toolchain/bin/../lib/gcc/arm-none-eabi/8.3.1/../../../../arm-none-eabi/lib/thumb/v7-m/nofp\libg.a(lib_a-memcpy.o)
                0x00000e90                memcpy
 .text.memset   0x00000f7c       0xa0 c:/gmd/toolchain/arm_toolchain/bin/../lib/gcc/arm-none-eabi/8.3.1/../../../../arm-none-eabi/lib/thumb/v7-m/nofp\libg.a(lib_a-memset.o)
                0x00000f7c                memset
 .text.sprintf  0x0000101c       0x44 c:/gmd/toolchain/arm_toolchain/bin/../lib/gcc/arm-none-eabi/8.3.1/../../../../arm-none-eabi/lib/thumb/v7-m/nofp\libg.a(lib_a-sprintf.o)
                0x0000101c                sprintf
 .text.strncmp  0x00001060       0xa0 c:/gmd/toolchain/arm_toolchain/bin/../lib/gcc/arm-none-eabi/8.3.1/../../../../arm-none-eabi/lib/thumb/v7-m/nofp\libg.a(lib_a-strncmp.o)
                0x00001060                strncmp
 .text.strncpy  0x00001100       0x74 c:/gmd/toolchain/arm_toolchain/bin/../lib/gcc/arm-none-eabi/8.3.1/../../../../arm-none-eabi/lib/thumb/v7-m/nofp\libg.a(lib_a-strncpy.o)
                0x00001100                strncpy
 .text._svfprintf_r
                0x00001174     0x1a28 c:/gmd/toolchain/arm_toolchain/bin/../lib/gcc/arm-none-eabi/8.3.1/../../../../arm-none-eabi/lib/thumb/v7-m/nofp\libg.a(lib_a-svfprintf.o)
                0x00001174                _svfprintf_r
 .text.__call_exitprocs
                0x00002b9c       0xb0 c:/gmd/toolchain/arm_toolchain/bin/../lib/gcc/arm-none-eabi/8.3.1/../../../../arm-none-eabi/lib/thumb/v7-m/nofp\libg.a(lib_a-__call_atexit.o)
                0x00002b9c                __call_exitprocs
 .text.quorem   0x00002c4c      0x12c c:/gmd/toolchain/arm_toolchain/bin/../lib/gcc/arm-none-eabi/8.3.1/../../../../arm-none-eabi/lib/thumb/v7-m/nofp\libg.a(lib_a-dtoa.o)
 .text._dtoa_r  0x00002d78      0xe6c c:/gmd/toolchain/arm_toolchain/bin/../lib/gcc/arm-none-eabi/8.3.1/../../../../arm-none-eabi/lib/thumb/v7-m/nofp\libg.a(lib_a-dtoa.o)
                0x00002d78                _dtoa_r
 .text._malloc_trim_r
                0x00003be4       0xa0 c:/gmd/toolchain/arm_toolchain/bin/../lib/gcc/arm-none-eabi/8.3.1/../../../../arm-none-eabi/lib/thumb/v7-m/nofp\libg.a(lib_a-freer.o)
                0x00003be4                _malloc_trim_r
 .text._free_r  0x00003c84      0x1f4 c:/gmd/toolchain/arm_toolchain/bin/../lib/gcc/arm-none-eabi/8.3.1/../../../../arm-none-eabi/lib/thumb/v7-m/nofp\libg.a(lib_a-freer.o)
                0x00003c84                _free_r
 .text._localeconv_r
                0x00003e78        0x8 c:/gmd/toolchain/arm_toolchain/bin/../lib/gcc/arm-none-eabi/8.3.1/../../../../arm-none-eabi/lib/thumb/v7-m/nofp\libg.a(lib_a-localeconv.o)
                0x00003e78                _localeconv_r
 .text.__retarget_lock_acquire_recursive
                0x00003e80        0x4 c:/gmd/toolchain/arm_toolchain/bin/../lib/gcc/arm-none-eabi/8.3.1/../../../../arm-none-eabi/lib/thumb/v7-m/nofp\libg.a(lib_a-lock.o)
                0x00003e80                __retarget_lock_acquire_recursive
 .text.__retarget_lock_release_recursive
                0x00003e84        0x4 c:/gmd/toolchain/arm_toolchain/bin/../lib/gcc/arm-none-eabi/8.3.1/../../../../arm-none-eabi/lib/thumb/v7-m/nofp\libg.a(lib_a-lock.o)
                0x00003e84                __retarget_lock_release_recursive
 .text._malloc_r
                0x00003e88      0x558 c:/gmd/toolchain/arm_toolchain/bin/../lib/gcc/arm-none-eabi/8.3.1/../../../../arm-none-eabi/lib/thumb/v7-m/nofp\libg.a(lib_a-mallocr.o)
                0x00003e88                _malloc_r
 .text.memchr   0x000043e0       0x8c c:/gmd/toolchain/arm_toolchain/bin/../lib/gcc/arm-none-eabi/8.3.1/../../../../arm-none-eabi/lib/thumb/v7-m/nofp\libg.a(lib_a-memchr-stub.o)
                0x000043e0                memchr
 .text.__malloc_lock
                0x0000446c        0xc c:/gmd/toolchain/arm_toolchain/bin/../lib/gcc/arm-none-eabi/8.3.1/../../../../arm-none-eabi/lib/thumb/v7-m/nofp\libg.a(lib_a-mlock.o)
                0x0000446c                __malloc_lock
 .text.__malloc_unlock
                0x00004478        0xc c:/gmd/toolchain/arm_toolchain/bin/../lib/gcc/arm-none-eabi/8.3.1/../../../../arm-none-eabi/lib/thumb/v7-m/nofp\libg.a(lib_a-mlock.o)
                0x00004478                __malloc_unlock
 .text._Balloc  0x00004484       0x4c c:/gmd/toolchain/arm_toolchain/bin/../lib/gcc/arm-none-eabi/8.3.1/../../../../arm-none-eabi/lib/thumb/v7-m/nofp\libg.a(lib_a-mprec.o)
                0x00004484                _Balloc
 .text._Bfree   0x000044d0       0x14 c:/gmd/toolchain/arm_toolchain/bin/../lib/gcc/arm-none-eabi/8.3.1/../../../../arm-none-eabi/lib/thumb/v7-m/nofp\libg.a(lib_a-mprec.o)
                0x000044d0                _Bfree
 .text.__multadd
                0x000044e4       0x8c c:/gmd/toolchain/arm_toolchain/bin/../lib/gcc/arm-none-eabi/8.3.1/../../../../arm-none-eabi/lib/thumb/v7-m/nofp\libg.a(lib_a-mprec.o)
                0x000044e4                __multadd
 .text.__hi0bits
                0x00004570       0x40 c:/gmd/toolchain/arm_toolchain/bin/../lib/gcc/arm-none-eabi/8.3.1/../../../../arm-none-eabi/lib/thumb/v7-m/nofp\libg.a(lib_a-mprec.o)
                0x00004570                __hi0bits
 .text.__lo0bits
                0x000045b0       0x60 c:/gmd/toolchain/arm_toolchain/bin/../lib/gcc/arm-none-eabi/8.3.1/../../../../arm-none-eabi/lib/thumb/v7-m/nofp\libg.a(lib_a-mprec.o)
                0x000045b0                __lo0bits
 .text.__i2b    0x00004610       0x14 c:/gmd/toolchain/arm_toolchain/bin/../lib/gcc/arm-none-eabi/8.3.1/../../../../arm-none-eabi/lib/thumb/v7-m/nofp\libg.a(lib_a-mprec.o)
                0x00004610                __i2b
 .text.__multiply
                0x00004624      0x130 c:/gmd/toolchain/arm_toolchain/bin/../lib/gcc/arm-none-eabi/8.3.1/../../../../arm-none-eabi/lib/thumb/v7-m/nofp\libg.a(lib_a-mprec.o)
                0x00004624                __multiply
 .text.__pow5mult
                0x00004754       0xa0 c:/gmd/toolchain/arm_toolchain/bin/../lib/gcc/arm-none-eabi/8.3.1/../../../../arm-none-eabi/lib/thumb/v7-m/nofp\libg.a(lib_a-mprec.o)
                0x00004754                __pow5mult
 .text.__lshift
                0x000047f4       0xb4 c:/gmd/toolchain/arm_toolchain/bin/../lib/gcc/arm-none-eabi/8.3.1/../../../../arm-none-eabi/lib/thumb/v7-m/nofp\libg.a(lib_a-mprec.o)
                0x000047f4                __lshift
 .text.__mcmp   0x000048a8       0x38 c:/gmd/toolchain/arm_toolchain/bin/../lib/gcc/arm-none-eabi/8.3.1/../../../../arm-none-eabi/lib/thumb/v7-m/nofp\libg.a(lib_a-mprec.o)
                0x000048a8                __mcmp
 .text.__mdiff  0x000048e0      0x100 c:/gmd/toolchain/arm_toolchain/bin/../lib/gcc/arm-none-eabi/8.3.1/../../../../arm-none-eabi/lib/thumb/v7-m/nofp\libg.a(lib_a-mprec.o)
                0x000048e0                __mdiff
 .text.__d2b    0x000049e0       0xac c:/gmd/toolchain/arm_toolchain/bin/../lib/gcc/arm-none-eabi/8.3.1/../../../../arm-none-eabi/lib/thumb/v7-m/nofp\libg.a(lib_a-mprec.o)
                0x000049e0                __d2b
 .text.frexp    0x00004a8c       0x70 c:/gmd/toolchain/arm_toolchain/bin/../lib/gcc/arm-none-eabi/8.3.1/../../../../arm-none-eabi/lib/thumb/v7-m/nofp\libg.a(lib_a-s_frexp.o)
                0x00004a8c                frexp
 .text._sbrk_r  0x00004afc       0x24 c:/gmd/toolchain/arm_toolchain/bin/../lib/gcc/arm-none-eabi/8.3.1/../../../../arm-none-eabi/lib/thumb/v7-m/nofp\libg.a(lib_a-sbrkr.o)
                0x00004afc                _sbrk_r
 .text.strlen   0x00004b20       0x5c c:/gmd/toolchain/arm_toolchain/bin/../lib/gcc/arm-none-eabi/8.3.1/../../../../arm-none-eabi/lib/thumb/v7-m/nofp\libg.a(lib_a-strlen-stub.o)
                0x00004b20                strlen
 .text.__ssprint_r
                0x00004b7c       0xf8 c:/gmd/toolchain/arm_toolchain/bin/../lib/gcc/arm-none-eabi/8.3.1/../../../../arm-none-eabi/lib/thumb/v7-m/nofp\libg.a(lib_a-svfiprintf.o)
                0x00004b7c                __ssprint_r
 .text._calloc_r
                0x00004c74       0x60 c:/gmd/toolchain/arm_toolchain/bin/../lib/gcc/arm-none-eabi/8.3.1/../../../../arm-none-eabi/lib/thumb/v7-m/nofp\libg.a(lib_a-callocr.o)
                0x00004c74                _calloc_r
 .text.__ascii_mbtowc
                0x00004cd4       0x2c c:/gmd/toolchain/arm_toolchain/bin/../lib/gcc/arm-none-eabi/8.3.1/../../../../arm-none-eabi/lib/thumb/v7-m/nofp\libg.a(lib_a-mbtowc_r.o)
                0x00004cd4                __ascii_mbtowc
 .text.memmove  0x00004d00       0xcc c:/gmd/toolchain/arm_toolchain/bin/../lib/gcc/arm-none-eabi/8.3.1/../../../../arm-none-eabi/lib/thumb/v7-m/nofp\libg.a(lib_a-memmove.o)
                0x00004d00                memmove
 .text._realloc_r
                0x00004dcc      0x37c c:/gmd/toolchain/arm_toolchain/bin/../lib/gcc/arm-none-eabi/8.3.1/../../../../arm-none-eabi/lib/thumb/v7-m/nofp\libg.a(lib_a-reallocr.o)
                0x00004dcc                _realloc_r
 .text.__ascii_wctomb
                0x00005148       0x1c c:/gmd/toolchain/arm_toolchain/bin/../lib/gcc/arm-none-eabi/8.3.1/../../../../arm-none-eabi/lib/thumb/v7-m/nofp\libg.a(lib_a-wctomb_r.o)
                0x00005148                __ascii_wctomb
 .text          0x00005164      0x378 c:/gmd/toolchain/arm_toolchain/bin/../lib/gcc/arm-none-eabi/8.3.1/thumb/v7-m/nofp\libgcc.a(_arm_addsubdf3.o)
                0x00005164                __aeabi_drsub
                0x0000516c                __aeabi_dsub
                0x0000516c                __subdf3
                0x00005170                __aeabi_dadd
                0x00005170                __adddf3
                0x000053e8                __floatunsidf
                0x000053e8                __aeabi_ui2d
                0x00005408                __floatsidf
                0x00005408                __aeabi_i2d
                0x0000542c                __aeabi_f2d
                0x0000542c                __extendsfdf2
                0x00005470                __floatundidf
                0x00005470                __aeabi_ul2d
                0x00005480                __floatdidf
                0x00005480                __aeabi_l2d
 .text          0x000054dc      0x424 c:/gmd/toolchain/arm_toolchain/bin/../lib/gcc/arm-none-eabi/8.3.1/thumb/v7-m/nofp\libgcc.a(_arm_muldivdf3.o)
                0x000054dc                __aeabi_dmul
                0x000054dc                __muldf3
                0x00005730                __divdf3
                0x00005730                __aeabi_ddiv
 .text          0x00005900      0x110 c:/gmd/toolchain/arm_toolchain/bin/../lib/gcc/arm-none-eabi/8.3.1/thumb/v7-m/nofp\libgcc.a(_arm_cmpdf2.o)
                0x00005900                __gtdf2
                0x00005900                __gedf2
                0x00005908                __ltdf2
                0x00005908                __ledf2
                0x00005910                __nedf2
                0x00005910                __eqdf2
                0x00005910                __cmpdf2
                0x0000598c                __aeabi_cdrcmple
                0x0000599c                __aeabi_cdcmpeq
                0x0000599c                __aeabi_cdcmple
                0x000059ac                __aeabi_dcmpeq
                0x000059c0                __aeabi_dcmplt
                0x000059d4                __aeabi_dcmple
                0x000059e8                __aeabi_dcmpge
                0x000059fc                __aeabi_dcmpgt
 .text          0x00005a10       0x2c c:/gmd/toolchain/arm_toolchain/bin/../lib/gcc/arm-none-eabi/8.3.1/thumb/v7-m/nofp\libgcc.a(_arm_unorddf2.o)
                0x00005a10                __unorddf2
                0x00005a10                __aeabi_dcmpun
 .text          0x00005a3c       0x50 c:/gmd/toolchain/arm_toolchain/bin/../lib/gcc/arm-none-eabi/8.3.1/thumb/v7-m/nofp\libgcc.a(_arm_fixdfsi.o)
                0x00005a3c                __aeabi_d2iz
                0x00005a3c                __fixdfsi
 .text          0x00005a8c       0x30 c:/gmd/toolchain/arm_toolchain/bin/../lib/gcc/arm-none-eabi/8.3.1/thumb/v7-m/nofp\libgcc.a(_aeabi_uldivmod.o)
                0x00005a8c                __aeabi_uldivmod
 .text          0x00005abc      0x2d0 c:/gmd/toolchain/arm_toolchain/bin/../lib/gcc/arm-none-eabi/8.3.1/thumb/v7-m/nofp\libgcc.a(_udivmoddi4.o)
                0x00005abc                __udivmoddi4
 .text          0x00005d8c        0x4 c:/gmd/toolchain/arm_toolchain/bin/../lib/gcc/arm-none-eabi/8.3.1/thumb/v7-m/nofp\libgcc.a(_dvmd_tls.o)
                0x00005d8c                __aeabi_idiv0
                0x00005d8c                __aeabi_ldiv0
 .text._sbrk    0x00005d90       0x1c c:/gmd/toolchain/arm_toolchain/bin/../lib/gcc/arm-none-eabi/8.3.1/../../../../arm-none-eabi/lib/thumb/v7-m/nofp\libnosys.a(sbrk.o)
                0x00005d90                _sbrk
 .text._exit    0x00005dac        0x4 c:/gmd/toolchain/arm_toolchain/bin/../lib/gcc/arm-none-eabi/8.3.1/../../../../arm-none-eabi/lib/thumb/v7-m/nofp\libnosys.a(_exit.o)
                0x00005dac                _exit
 *(.init)
 .init          0x00005db0        0x4 c:/gmd/toolchain/arm_toolchain/bin/../lib/gcc/arm-none-eabi/8.3.1/thumb/v7-m/nofp/crti.o
                0x00005db0                _init
 *(.fini)
 .fini          0x00005db4        0x4 c:/gmd/toolchain/arm_toolchain/bin/../lib/gcc/arm-none-eabi/8.3.1/thumb/v7-m/nofp/crti.o
                0x00005db4                _fini
 *crtbegin.o(.ctors)
 *crtbegin?.o(.ctors)
 *(EXCLUDE_FILE(*crtend.o *crtend?.o) .ctors)
 *(SORT_BY_NAME(.ctors.*))
 *(.ctors)
 *crtbegin.o(.dtors)
 *crtbegin?.o(.dtors)
 *(EXCLUDE_FILE(*crtend.o *crtend?.o) .dtors)
 *(SORT_BY_NAME(.dtors.*))
 *(.dtors)
 *(.rodata*)
 .rodata        0x00005db8       0x57 ./mycode/gps_neo_6m.o
 *fill*         0x00005e0f        0x1 
 .rodata._global_impure_ptr
                0x00005e10        0x4 c:/gmd/toolchain/arm_toolchain/bin/../lib/gcc/arm-none-eabi/8.3.1/../../../../arm-none-eabi/lib/thumb/v7-m/nofp\libg.a(lib_a-impure.o)
                0x00005e10                _global_impure_ptr
 .rodata._svfprintf_r.str1.4
                0x00005e14       0x42 c:/gmd/toolchain/arm_toolchain/bin/../lib/gcc/arm-none-eabi/8.3.1/../../../../arm-none-eabi/lib/thumb/v7-m/nofp\libg.a(lib_a-svfprintf.o)
 *fill*         0x00005e56        0x2 
 .rodata.blanks.7355
                0x00005e58       0x10 c:/gmd/toolchain/arm_toolchain/bin/../lib/gcc/arm-none-eabi/8.3.1/../../../../arm-none-eabi/lib/thumb/v7-m/nofp\libg.a(lib_a-svfprintf.o)
 .rodata.zeroes.7356
                0x00005e68       0x10 c:/gmd/toolchain/arm_toolchain/bin/../lib/gcc/arm-none-eabi/8.3.1/../../../../arm-none-eabi/lib/thumb/v7-m/nofp\libg.a(lib_a-svfprintf.o)
 .rodata._dtoa_r.str1.4
                0x00005e78        0xd c:/gmd/toolchain/arm_toolchain/bin/../lib/gcc/arm-none-eabi/8.3.1/../../../../arm-none-eabi/lib/thumb/v7-m/nofp\libg.a(lib_a-dtoa.o)
                                 0x12 (size before relaxing)
 *fill*         0x00005e85        0x3 
 .rodata.__mprec_bigtens
                0x00005e88       0x28 c:/gmd/toolchain/arm_toolchain/bin/../lib/gcc/arm-none-eabi/8.3.1/../../../../arm-none-eabi/lib/thumb/v7-m/nofp\libg.a(lib_a-mprec.o)
                0x00005e88                __mprec_bigtens
 .rodata.__mprec_tens
                0x00005eb0       0xc8 c:/gmd/toolchain/arm_toolchain/bin/../lib/gcc/arm-none-eabi/8.3.1/../../../../arm-none-eabi/lib/thumb/v7-m/nofp\libg.a(lib_a-mprec.o)
                0x00005eb0                __mprec_tens
 .rodata.p05.6125
                0x00005f78        0xc c:/gmd/toolchain/arm_toolchain/bin/../lib/gcc/arm-none-eabi/8.3.1/../../../../arm-none-eabi/lib/thumb/v7-m/nofp\libg.a(lib_a-mprec.o)
 .rodata._setlocale_r.str1.4
                0x00005f84        0xa c:/gmd/toolchain/arm_toolchain/bin/../lib/gcc/arm-none-eabi/8.3.1/../../../../arm-none-eabi/lib/thumb/v7-m/nofp\libg.a(lib_a-locale.o)
                                  0xd (size before relaxing)
 *fill*         0x00005f8e        0x2 
 .rodata.str1.4
                0x00005f90        0x4 c:/gmd/toolchain/arm_toolchain/bin/../lib/gcc/arm-none-eabi/8.3.1/../../../../arm-none-eabi/lib/thumb/v7-m/nofp\libg.a(lib_a-locale.o)
                                  0x2 (size before relaxing)
 .rodata._ctype_
                0x00005f94      0x101 c:/gmd/toolchain/arm_toolchain/bin/../lib/gcc/arm-none-eabi/8.3.1/../../../../arm-none-eabi/lib/thumb/v7-m/nofp\libg.a(lib_a-ctype_.o)
                0x00005f94                _ctype_
 *(.eh_frame*)

.glue_7         0x00006098        0x0
 .glue_7        0x00006098        0x0 linker stubs

.glue_7t        0x00006098        0x0
 .glue_7t       0x00006098        0x0 linker stubs

.vfp11_veneer   0x00006098        0x0
 .vfp11_veneer  0x00006098        0x0 linker stubs

.v4_bx          0x00006098        0x0
 .v4_bx         0x00006098        0x0 linker stubs

.iplt           0x00006098        0x0
 .iplt          0x00006098        0x0 ./mycode/apb.o

.ARM.extab
 *(.ARM.extab* .gnu.linkonce.armextab.*)
                0x00006095                __exidx_start = .

.ARM.exidx      0x00006098        0x8
 *(.ARM.exidx* .gnu.linkonce.armexidx.*)
 .ARM.exidx     0x00006098        0x8 c:/gmd/toolchain/arm_toolchain/bin/../lib/gcc/arm-none-eabi/8.3.1/thumb/v7-m/nofp\libgcc.a(_udivmoddi4.o)
                0x000060a0                __exidx_end = .
                0x000060a0                __etext = .

.rel.dyn        0x000060a0        0x0
 .rel.iplt      0x000060a0        0x0 ./mycode/apb.o

.data           0x20000000      0x9e0 load address 0x000060a0
                0x20000000                __data_start__ = .
 *(vtable)
 *(.data*)
 .data.gps_frame
                0x20000000       0x24 ./mycode/gps_neo_6m.o
 .data.SystemCoreClock
                0x20000024        0x4 ./lib/CMSIS/DeviceSupport/system/system_gw1ns4c.o
                0x20000024                SystemCoreClock
 .data.PCLK1    0x20000028        0x4 ./lib/CMSIS/DeviceSupport/system/system_gw1ns4c.o
                0x20000028                PCLK1
 .data.PCLK2    0x2000002c        0x4 ./lib/CMSIS/DeviceSupport/system/system_gw1ns4c.o
                0x2000002c                PCLK2
 .data.HCLK     0x20000030        0x4 ./lib/CMSIS/DeviceSupport/system/system_gw1ns4c.o
                0x20000030                HCLK
 .data._impure_ptr
                0x20000034        0x4 c:/gmd/toolchain/arm_toolchain/bin/../lib/gcc/arm-none-eabi/8.3.1/../../../../arm-none-eabi/lib/thumb/v7-m/nofp\libg.a(lib_a-impure.o)
                0x20000034                _impure_ptr
 .data.impure_data
                0x20000038      0x428 c:/gmd/toolchain/arm_toolchain/bin/../lib/gcc/arm-none-eabi/8.3.1/../../../../arm-none-eabi/lib/thumb/v7-m/nofp\libg.a(lib_a-impure.o)
 .data.__atexit_recursive_mutex
                0x20000460        0x4 c:/gmd/toolchain/arm_toolchain/bin/../lib/gcc/arm-none-eabi/8.3.1/../../../../arm-none-eabi/lib/thumb/v7-m/nofp\libg.a(lib_a-__call_atexit.o)
                0x20000460                __atexit_recursive_mutex
 .data.__malloc_av_
                0x20000464      0x408 c:/gmd/toolchain/arm_toolchain/bin/../lib/gcc/arm-none-eabi/8.3.1/../../../../arm-none-eabi/lib/thumb/v7-m/nofp\libg.a(lib_a-mallocr.o)
                0x20000464                __malloc_av_
 .data.__malloc_sbrk_base
                0x2000086c        0x4 c:/gmd/toolchain/arm_toolchain/bin/../lib/gcc/arm-none-eabi/8.3.1/../../../../arm-none-eabi/lib/thumb/v7-m/nofp\libg.a(lib_a-mallocr.o)
                0x2000086c                __malloc_sbrk_base
 .data.__malloc_trim_threshold
                0x20000870        0x4 c:/gmd/toolchain/arm_toolchain/bin/../lib/gcc/arm-none-eabi/8.3.1/../../../../arm-none-eabi/lib/thumb/v7-m/nofp\libg.a(lib_a-mallocr.o)
                0x20000870                __malloc_trim_threshold
 .data.__global_locale
                0x20000874      0x16c c:/gmd/toolchain/arm_toolchain/bin/../lib/gcc/arm-none-eabi/8.3.1/../../../../arm-none-eabi/lib/thumb/v7-m/nofp\libg.a(lib_a-locale.o)
                0x20000874                __global_locale
                0x200009e0                . = ALIGN (0x4)
                0x200009e0                PROVIDE (__preinit_array_start = .)
 *(.preinit_array)
                0x200009e0                PROVIDE (__preinit_array_end = .)
                0x200009e0                . = ALIGN (0x4)
                0x200009e0                PROVIDE (__init_array_start = .)
 *(SORT_BY_NAME(.init_array.*))
 *(.init_array)
                0x200009e0                PROVIDE (__init_array_end = .)
                0x200009e0                . = ALIGN (0x4)
                0x200009e0                PROVIDE (__fini_array_start = .)
 *(SORT_BY_NAME(.fini_array.*))
 *(.fini_array)
                0x200009e0                PROVIDE (__fini_array_end = .)
                0x200009e0                . = ALIGN (0x4)
                0x200009e0                __data_end__ = .

.igot.plt       0x200009e0        0x0 load address 0x00006a80
 .igot.plt      0x200009e0        0x0 ./mycode/apb.o

.bss            0x200009e0      0x188 load address 0x00006a80
                0x200009e0                . = ALIGN (0x4)
                0x200009e0                __bss_start__ = .
 *(.bss*)
 .bss.nmea_buf  0x200009e0       0x80 ./mycode/gps_neo_6m.o
 .bss.parse_buf
                0x20000a60       0x80 ./mycode/gps_neo_6m.o
 .bss.lat       0x20000ae0       0x10 ./mycode/gps_neo_6m.o
 .bss.lon       0x20000af0       0x10 ./mycode/gps_neo_6m.o
 .bss.idx       0x20000b00        0x1 ./mycode/gps_neo_6m.o
 *fill*         0x20000b01        0x3 
 .bss.gps_updated
                0x20000b04        0x4 ./mycode/gps_neo_6m.o
 .bss.__malloc_current_mallinfo
                0x20000b08       0x28 c:/gmd/toolchain/arm_toolchain/bin/../lib/gcc/arm-none-eabi/8.3.1/../../../../arm-none-eabi/lib/thumb/v7-m/nofp\libg.a(lib_a-mallocr.o)
                0x20000b08                __malloc_current_mallinfo
 .bss.__malloc_max_sbrked_mem
                0x20000b30        0x4 c:/gmd/toolchain/arm_toolchain/bin/../lib/gcc/arm-none-eabi/8.3.1/../../../../arm-none-eabi/lib/thumb/v7-m/nofp\libg.a(lib_a-mallocr.o)
                0x20000b30                __malloc_max_sbrked_mem
 .bss.__malloc_max_total_mem
                0x20000b34        0x4 c:/gmd/toolchain/arm_toolchain/bin/../lib/gcc/arm-none-eabi/8.3.1/../../../../arm-none-eabi/lib/thumb/v7-m/nofp\libg.a(lib_a-mallocr.o)
                0x20000b34                __malloc_max_total_mem
 .bss.__malloc_top_pad
                0x20000b38        0x4 c:/gmd/toolchain/arm_toolchain/bin/../lib/gcc/arm-none-eabi/8.3.1/../../../../arm-none-eabi/lib/thumb/v7-m/nofp\libg.a(lib_a-mallocr.o)
                0x20000b38                __malloc_top_pad
 .bss.heap_end.4194
                0x20000b3c        0x4 c:/gmd/toolchain/arm_toolchain/bin/../lib/gcc/arm-none-eabi/8.3.1/../../../../arm-none-eabi/lib/thumb/v7-m/nofp\libnosys.a(sbrk.o)
 *(COMMON)
 COMMON         0x20000b40       0x21 c:/gmd/toolchain/arm_toolchain/bin/../lib/gcc/arm-none-eabi/8.3.1/../../../../arm-none-eabi/lib/thumb/v7-m/nofp\libg.a(lib_a-lock.o)
                0x20000b40                __lock___atexit_recursive_mutex
                0x20000b44                __lock___arc4random_mutex
                0x20000b48                __lock___env_recursive_mutex
                0x20000b4c                __lock___sinit_recursive_mutex
                0x20000b50                __lock___malloc_recursive_mutex
                0x20000b54                __lock___at_quick_exit_mutex
                0x20000b58                __lock___dd_hash_mutex
                0x20000b5c                __lock___tz_mutex
                0x20000b60                __lock___sfp_recursive_mutex
 *fill*         0x20000b61        0x3 
 COMMON         0x20000b64        0x4 c:/gmd/toolchain/arm_toolchain/bin/../lib/gcc/arm-none-eabi/8.3.1/../../../../arm-none-eabi/lib/thumb/v7-m/nofp\libg.a(lib_a-reent.o)
                0x20000b64                errno
                0x20000b68                . = ALIGN (0x4)
                0x20000b68                __bss_end__ = .

.heap           0x20000b68      0x200
                0x20000b68                __end__ = .
                0x20000b68                end = __end__
 *(.heap*)
 .heap          0x20000b68      0x200 ./lib/CMSIS/DeviceSupport/startup/gmd/startup_gw1ns4c.o
                0x20000b68                __HeapBase
                0x20000d68                __HeapLimit = .

.stack_dummy    0x20000b68      0x400
 *(.stack*)
 .stack         0x20000b68      0x400 ./lib/CMSIS/DeviceSupport/startup/gmd/startup_gw1ns4c.o
                0x20004000                __StackTop = (ORIGIN (RAM) + LENGTH (RAM))
                0x20003c00                __StackLimit = (__StackTop - SIZEOF (.stack_dummy))
                0x20004000                PROVIDE (__stack = __StackTop)
                0x00000001                ASSERT ((__StackLimit >= __HeapLimit), region RAM overflowed with stack)
OUTPUT(HB100_project.elf elf32-littlearm)

.ARM.attributes
                0x00000000       0x29
 .ARM.attributes
                0x00000000       0x1d c:/gmd/toolchain/arm_toolchain/bin/../lib/gcc/arm-none-eabi/8.3.1/thumb/v7-m/nofp/crti.o
 .ARM.attributes
                0x0000001d       0x2d ./mycode/apb.o
 .ARM.attributes
                0x0000004a       0x2d ./mycode/gps_neo_6m.o
 .ARM.attributes
                0x00000077       0x2d ./mycode/gw1ns4c_it.o
 .ARM.attributes
                0x000000a4       0x2d ./mycode/hb100.o
 .ARM.attributes
                0x000000d1       0x2d ./mycode/main.o
 .ARM.attributes
                0x000000fe       0x2d ./lib/StdPeriph_Driver/Sources/gw1ns4c_gpio.o
 .ARM.attributes
                0x0000012b       0x2d ./lib/StdPeriph_Driver/Sources/gw1ns4c_timer.o
 .ARM.attributes
                0x00000158       0x2d ./lib/StdPeriph_Driver/Sources/uart.o
 .ARM.attributes
                0x00000185       0x2d ./lib/CMSIS/DeviceSupport/system/system_gw1ns4c.o
 .ARM.attributes
                0x000001b2       0x1b ./lib/CMSIS/DeviceSupport/startup/gmd/startup_gw1ns4c.o
 .ARM.attributes
                0x000001cd       0x2d c:/gmd/toolchain/arm_toolchain/bin/../lib/gcc/arm-none-eabi/8.3.1/../../../../arm-none-eabi/lib/thumb/v7-m/nofp\libg.a(lib_a-exit.o)
 .ARM.attributes
                0x000001fa       0x2d c:/gmd/toolchain/arm_toolchain/bin/../lib/gcc/arm-none-eabi/8.3.1/../../../../arm-none-eabi/lib/thumb/v7-m/nofp\libg.a(lib_a-impure.o)
 .ARM.attributes
                0x00000227       0x1b c:/gmd/toolchain/arm_toolchain/bin/../lib/gcc/arm-none-eabi/8.3.1/../../../../arm-none-eabi/lib/thumb/v7-m/nofp\libg.a(lib_a-memcpy.o)
 .ARM.attributes
                0x00000242       0x2d c:/gmd/toolchain/arm_toolchain/bin/../lib/gcc/arm-none-eabi/8.3.1/../../../../arm-none-eabi/lib/thumb/v7-m/nofp\libg.a(lib_a-memset.o)
 .ARM.attributes
                0x0000026f       0x2d c:/gmd/toolchain/arm_toolchain/bin/../lib/gcc/arm-none-eabi/8.3.1/../../../../arm-none-eabi/lib/thumb/v7-m/nofp\libg.a(lib_a-sprintf.o)
 .ARM.attributes
                0x0000029c       0x2d c:/gmd/toolchain/arm_toolchain/bin/../lib/gcc/arm-none-eabi/8.3.1/../../../../arm-none-eabi/lib/thumb/v7-m/nofp\libg.a(lib_a-strncmp.o)
 .ARM.attributes
                0x000002c9       0x2d c:/gmd/toolchain/arm_toolchain/bin/../lib/gcc/arm-none-eabi/8.3.1/../../../../arm-none-eabi/lib/thumb/v7-m/nofp\libg.a(lib_a-strncpy.o)
 .ARM.attributes
                0x000002f6       0x2d c:/gmd/toolchain/arm_toolchain/bin/../lib/gcc/arm-none-eabi/8.3.1/../../../../arm-none-eabi/lib/thumb/v7-m/nofp\libg.a(lib_a-svfprintf.o)
 .ARM.attributes
                0x00000323       0x2d c:/gmd/toolchain/arm_toolchain/bin/../lib/gcc/arm-none-eabi/8.3.1/../../../../arm-none-eabi/lib/thumb/v7-m/nofp\libg.a(lib_a-__call_atexit.o)
 .ARM.attributes
                0x00000350       0x2d c:/gmd/toolchain/arm_toolchain/bin/../lib/gcc/arm-none-eabi/8.3.1/../../../../arm-none-eabi/lib/thumb/v7-m/nofp\libg.a(lib_a-dtoa.o)
 .ARM.attributes
                0x0000037d       0x2d c:/gmd/toolchain/arm_toolchain/bin/../lib/gcc/arm-none-eabi/8.3.1/../../../../arm-none-eabi/lib/thumb/v7-m/nofp\libg.a(lib_a-freer.o)
 .ARM.attributes
                0x000003aa       0x2d c:/gmd/toolchain/arm_toolchain/bin/../lib/gcc/arm-none-eabi/8.3.1/../../../../arm-none-eabi/lib/thumb/v7-m/nofp\libg.a(lib_a-localeconv.o)
 .ARM.attributes
                0x000003d7       0x2d c:/gmd/toolchain/arm_toolchain/bin/../lib/gcc/arm-none-eabi/8.3.1/../../../../arm-none-eabi/lib/thumb/v7-m/nofp\libg.a(lib_a-lock.o)
 .ARM.attributes
                0x00000404       0x2d c:/gmd/toolchain/arm_toolchain/bin/../lib/gcc/arm-none-eabi/8.3.1/../../../../arm-none-eabi/lib/thumb/v7-m/nofp\libg.a(lib_a-mallocr.o)
 .ARM.attributes
                0x00000431       0x2d c:/gmd/toolchain/arm_toolchain/bin/../lib/gcc/arm-none-eabi/8.3.1/../../../../arm-none-eabi/lib/thumb/v7-m/nofp\libg.a(lib_a-memchr-stub.o)
 .ARM.attributes
                0x0000045e       0x2d c:/gmd/toolchain/arm_toolchain/bin/../lib/gcc/arm-none-eabi/8.3.1/../../../../arm-none-eabi/lib/thumb/v7-m/nofp\libg.a(lib_a-mlock.o)
 .ARM.attributes
                0x0000048b       0x2d c:/gmd/toolchain/arm_toolchain/bin/../lib/gcc/arm-none-eabi/8.3.1/../../../../arm-none-eabi/lib/thumb/v7-m/nofp\libg.a(lib_a-mprec.o)
 .ARM.attributes
                0x000004b8       0x2d c:/gmd/toolchain/arm_toolchain/bin/../lib/gcc/arm-none-eabi/8.3.1/../../../../arm-none-eabi/lib/thumb/v7-m/nofp\libg.a(lib_a-s_frexp.o)
 .ARM.attributes
                0x000004e5       0x2d c:/gmd/toolchain/arm_toolchain/bin/../lib/gcc/arm-none-eabi/8.3.1/../../../../arm-none-eabi/lib/thumb/v7-m/nofp\libg.a(lib_a-sbrkr.o)
 .ARM.attributes
                0x00000512       0x2d c:/gmd/toolchain/arm_toolchain/bin/../lib/gcc/arm-none-eabi/8.3.1/../../../../arm-none-eabi/lib/thumb/v7-m/nofp\libg.a(lib_a-strlen-stub.o)
 .ARM.attributes
                0x0000053f       0x2d c:/gmd/toolchain/arm_toolchain/bin/../lib/gcc/arm-none-eabi/8.3.1/../../../../arm-none-eabi/lib/thumb/v7-m/nofp\libg.a(lib_a-svfiprintf.o)
 .ARM.attributes
                0x0000056c       0x2d c:/gmd/toolchain/arm_toolchain/bin/../lib/gcc/arm-none-eabi/8.3.1/../../../../arm-none-eabi/lib/thumb/v7-m/nofp\libg.a(lib_a-callocr.o)
 .ARM.attributes
                0x00000599       0x2d c:/gmd/toolchain/arm_toolchain/bin/../lib/gcc/arm-none-eabi/8.3.1/../../../../arm-none-eabi/lib/thumb/v7-m/nofp\libg.a(lib_a-locale.o)
 .ARM.attributes
                0x000005c6       0x2d c:/gmd/toolchain/arm_toolchain/bin/../lib/gcc/arm-none-eabi/8.3.1/../../../../arm-none-eabi/lib/thumb/v7-m/nofp\libg.a(lib_a-mbtowc_r.o)
 .ARM.attributes
                0x000005f3       0x2d c:/gmd/toolchain/arm_toolchain/bin/../lib/gcc/arm-none-eabi/8.3.1/../../../../arm-none-eabi/lib/thumb/v7-m/nofp\libg.a(lib_a-memmove.o)
 .ARM.attributes
                0x00000620       0x2d c:/gmd/toolchain/arm_toolchain/bin/../lib/gcc/arm-none-eabi/8.3.1/../../../../arm-none-eabi/lib/thumb/v7-m/nofp\libg.a(lib_a-reallocr.o)
 .ARM.attributes
                0x0000064d       0x2d c:/gmd/toolchain/arm_toolchain/bin/../lib/gcc/arm-none-eabi/8.3.1/../../../../arm-none-eabi/lib/thumb/v7-m/nofp\libg.a(lib_a-reent.o)
 .ARM.attributes
                0x0000067a       0x2d c:/gmd/toolchain/arm_toolchain/bin/../lib/gcc/arm-none-eabi/8.3.1/../../../../arm-none-eabi/lib/thumb/v7-m/nofp\libg.a(lib_a-wctomb_r.o)
 .ARM.attributes
                0x000006a7       0x2d c:/gmd/toolchain/arm_toolchain/bin/../lib/gcc/arm-none-eabi/8.3.1/../../../../arm-none-eabi/lib/thumb/v7-m/nofp\libg.a(lib_a-ctype_.o)
 .ARM.attributes
                0x000006d4       0x1d c:/gmd/toolchain/arm_toolchain/bin/../lib/gcc/arm-none-eabi/8.3.1/thumb/v7-m/nofp\libgcc.a(_arm_addsubdf3.o)
 .ARM.attributes
                0x000006f1       0x1d c:/gmd/toolchain/arm_toolchain/bin/../lib/gcc/arm-none-eabi/8.3.1/thumb/v7-m/nofp\libgcc.a(_arm_muldivdf3.o)
 .ARM.attributes
                0x0000070e       0x1d c:/gmd/toolchain/arm_toolchain/bin/../lib/gcc/arm-none-eabi/8.3.1/thumb/v7-m/nofp\libgcc.a(_arm_cmpdf2.o)
 .ARM.attributes
                0x0000072b       0x1d c:/gmd/toolchain/arm_toolchain/bin/../lib/gcc/arm-none-eabi/8.3.1/thumb/v7-m/nofp\libgcc.a(_arm_unorddf2.o)
 .ARM.attributes
                0x00000748       0x1d c:/gmd/toolchain/arm_toolchain/bin/../lib/gcc/arm-none-eabi/8.3.1/thumb/v7-m/nofp\libgcc.a(_arm_fixdfsi.o)
 .ARM.attributes
                0x00000765       0x1d c:/gmd/toolchain/arm_toolchain/bin/../lib/gcc/arm-none-eabi/8.3.1/thumb/v7-m/nofp\libgcc.a(_aeabi_uldivmod.o)
 .ARM.attributes
                0x00000782       0x2d c:/gmd/toolchain/arm_toolchain/bin/../lib/gcc/arm-none-eabi/8.3.1/thumb/v7-m/nofp\libgcc.a(_udivmoddi4.o)
 .ARM.attributes
                0x000007af       0x1d c:/gmd/toolchain/arm_toolchain/bin/../lib/gcc/arm-none-eabi/8.3.1/thumb/v7-m/nofp\libgcc.a(_dvmd_tls.o)
 .ARM.attributes
                0x000007cc       0x2d c:/gmd/toolchain/arm_toolchain/bin/../lib/gcc/arm-none-eabi/8.3.1/../../../../arm-none-eabi/lib/thumb/v7-m/nofp\libnosys.a(sbrk.o)
 .ARM.attributes
                0x000007f9       0x2d c:/gmd/toolchain/arm_toolchain/bin/../lib/gcc/arm-none-eabi/8.3.1/../../../../arm-none-eabi/lib/thumb/v7-m/nofp\libnosys.a(_exit.o)

.comment        0x00000000       0x76
 .comment       0x00000000       0x76 ./mycode/apb.o
                                 0x77 (size before relaxing)
 .comment       0x00000076       0x77 ./mycode/gps_neo_6m.o
 .comment       0x00000076       0x77 ./mycode/gw1ns4c_it.o
 .comment       0x00000076       0x77 ./mycode/hb100.o
 .comment       0x00000076       0x77 ./mycode/main.o
 .comment       0x00000076       0x77 ./lib/StdPeriph_Driver/Sources/gw1ns4c_gpio.o
 .comment       0x00000076       0x77 ./lib/StdPeriph_Driver/Sources/gw1ns4c_timer.o
 .comment       0x00000076       0x77 ./lib/StdPeriph_Driver/Sources/uart.o
 .comment       0x00000076       0x77 ./lib/CMSIS/DeviceSupport/system/system_gw1ns4c.o

.debug_info     0x00000000     0x2604
 .debug_info    0x00000000      0x157 ./mycode/apb.o
 .debug_info    0x00000157      0xb81 ./mycode/gps_neo_6m.o
 .debug_info    0x00000cd8      0x374 ./mycode/gw1ns4c_it.o
 .debug_info    0x0000104c      0x5dd ./mycode/hb100.o
 .debug_info    0x00001629      0x122 ./mycode/main.o
 .debug_info    0x0000174b      0x72f ./lib/StdPeriph_Driver/Sources/gw1ns4c_gpio.o
 .debug_info    0x00001e7a      0x430 ./lib/StdPeriph_Driver/Sources/gw1ns4c_timer.o
 .debug_info    0x000022aa      0x20e ./lib/StdPeriph_Driver/Sources/uart.o
 .debug_info    0x000024b8      0x126 ./lib/CMSIS/DeviceSupport/system/system_gw1ns4c.o
 .debug_info    0x000025de       0x26 ./lib/CMSIS/DeviceSupport/startup/gmd/startup_gw1ns4c.o

.debug_abbrev   0x00000000      0xb66
 .debug_abbrev  0x00000000       0xcf ./mycode/apb.o
 .debug_abbrev  0x000000cf      0x2aa ./mycode/gps_neo_6m.o
 .debug_abbrev  0x00000379       0x9d ./mycode/gw1ns4c_it.o
 .debug_abbrev  0x00000416      0x206 ./mycode/hb100.o
 .debug_abbrev  0x0000061c       0xb0 ./mycode/main.o
 .debug_abbrev  0x000006cc      0x1c6 ./lib/StdPeriph_Driver/Sources/gw1ns4c_gpio.o
 .debug_abbrev  0x00000892      0x130 ./lib/StdPeriph_Driver/Sources/gw1ns4c_timer.o
 .debug_abbrev  0x000009c2       0xfe ./lib/StdPeriph_Driver/Sources/uart.o
 .debug_abbrev  0x00000ac0       0x92 ./lib/CMSIS/DeviceSupport/system/system_gw1ns4c.o
 .debug_abbrev  0x00000b52       0x14 ./lib/CMSIS/DeviceSupport/startup/gmd/startup_gw1ns4c.o

.debug_aranges  0x00000000      0x418
 .debug_aranges
                0x00000000       0x28 ./mycode/apb.o
 .debug_aranges
                0x00000028       0x58 ./mycode/gps_neo_6m.o
 .debug_aranges
                0x00000080      0x140 ./mycode/gw1ns4c_it.o
 .debug_aranges
                0x000001c0       0x68 ./mycode/hb100.o
 .debug_aranges
                0x00000228       0x20 ./mycode/main.o
 .debug_aranges
                0x00000248       0xb8 ./lib/StdPeriph_Driver/Sources/gw1ns4c_gpio.o
 .debug_aranges
                0x00000300       0x80 ./lib/StdPeriph_Driver/Sources/gw1ns4c_timer.o
 .debug_aranges
                0x00000380       0x50 ./lib/StdPeriph_Driver/Sources/uart.o
 .debug_aranges
                0x000003d0       0x28 ./lib/CMSIS/DeviceSupport/system/system_gw1ns4c.o
 .debug_aranges
                0x000003f8       0x20 ./lib/CMSIS/DeviceSupport/startup/gmd/startup_gw1ns4c.o

.debug_ranges   0x00000000      0x380
 .debug_ranges  0x00000000       0x18 ./mycode/apb.o
 .debug_ranges  0x00000018       0x60 ./mycode/gps_neo_6m.o
 .debug_ranges  0x00000078      0x130 ./mycode/gw1ns4c_it.o
 .debug_ranges  0x000001a8       0x58 ./mycode/hb100.o
 .debug_ranges  0x00000200       0x10 ./mycode/main.o
 .debug_ranges  0x00000210       0xa8 ./lib/StdPeriph_Driver/Sources/gw1ns4c_gpio.o
 .debug_ranges  0x000002b8       0x70 ./lib/StdPeriph_Driver/Sources/gw1ns4c_timer.o
 .debug_ranges  0x00000328       0x40 ./lib/StdPeriph_Driver/Sources/uart.o
 .debug_ranges  0x00000368       0x18 ./lib/CMSIS/DeviceSupport/system/system_gw1ns4c.o

.debug_macro    0x00000000     0x3a6c
 .debug_macro   0x00000000       0x6d ./mycode/apb.o
 .debug_macro   0x0000006d      0xa78 ./mycode/apb.o
 .debug_macro   0x00000ae5       0x22 ./mycode/apb.o
 .debug_macro   0x00000b07       0x8e ./mycode/apb.o
 .debug_macro   0x00000b95       0x51 ./mycode/apb.o
 .debug_macro   0x00000be6      0x103 ./mycode/apb.o
 .debug_macro   0x00000ce9       0x6a ./mycode/apb.o
 .debug_macro   0x00000d53      0x1df ./mycode/apb.o
 .debug_macro   0x00000f32      0x1e0 ./mycode/gps_neo_6m.o
 .debug_macro   0x00001112       0x16 ./mycode/gps_neo_6m.o
 .debug_macro   0x00001128       0x58 ./mycode/gps_neo_6m.o
 .debug_macro   0x00001180       0x18 ./mycode/gps_neo_6m.o
 .debug_macro   0x00001198       0x94 ./mycode/gps_neo_6m.o
 .debug_macro   0x0000122c       0x35 ./mycode/gps_neo_6m.o
 .debug_macro   0x00001261       0x34 ./mycode/gps_neo_6m.o
 .debug_macro   0x00001295      0x174 ./mycode/gps_neo_6m.o
 .debug_macro   0x00001409       0x16 ./mycode/gps_neo_6m.o
 .debug_macro   0x0000141f       0x43 ./mycode/gps_neo_6m.o
 .debug_macro   0x00001462       0x57 ./mycode/gps_neo_6m.o
 .debug_macro   0x000014b9       0x34 ./mycode/gps_neo_6m.o
 .debug_macro   0x000014ed       0x10 ./mycode/gps_neo_6m.o
 .debug_macro   0x000014fd       0x58 ./mycode/gps_neo_6m.o
 .debug_macro   0x00001555      0x182 ./mycode/gps_neo_6m.o
 .debug_macro   0x000016d7      0x339 ./mycode/gps_neo_6m.o
 .debug_macro   0x00001a10       0x10 ./mycode/gps_neo_6m.o
 .debug_macro   0x00001a20       0x35 ./mycode/gps_neo_6m.o
 .debug_macro   0x00001a55       0x1c ./mycode/gps_neo_6m.o
 .debug_macro   0x00001a71       0x10 ./mycode/gps_neo_6m.o
 .debug_macro   0x00001a81       0x10 ./mycode/gps_neo_6m.o
 .debug_macro   0x00001a91       0x1c ./mycode/gps_neo_6m.o
 .debug_macro   0x00001aad       0x52 ./mycode/gps_neo_6m.o
 .debug_macro   0x00001aff       0x40 ./mycode/gps_neo_6m.o
 .debug_macro   0x00001b3f       0x10 ./mycode/gps_neo_6m.o
 .debug_macro   0x00001b4f       0x40 ./mycode/gps_neo_6m.o
 .debug_macro   0x00001b8f       0xd5 ./mycode/gps_neo_6m.o
 .debug_macro   0x00001c64       0x1c ./mycode/gps_neo_6m.o
 .debug_macro   0x00001c80       0x3d ./mycode/gps_neo_6m.o
 .debug_macro   0x00001cbd       0x16 ./mycode/gps_neo_6m.o
 .debug_macro   0x00001cd3      0x16f ./mycode/gps_neo_6m.o
 .debug_macro   0x00001e42      0x100 ./mycode/gw1ns4c_it.o
 .debug_macro   0x00001f42       0x22 ./mycode/gw1ns4c_it.o
 .debug_macro   0x00001f64       0x22 ./mycode/gw1ns4c_it.o
 .debug_macro   0x00001f86      0x7b7 ./mycode/gw1ns4c_it.o
 .debug_macro   0x0000273d      0x314 ./mycode/gw1ns4c_it.o
 .debug_macro   0x00002a51       0x6a ./mycode/gw1ns4c_it.o
 .debug_macro   0x00002abb       0x3a ./mycode/gw1ns4c_it.o
 .debug_macro   0x00002af5       0x7c ./mycode/gw1ns4c_it.o
 .debug_macro   0x00002b71       0x22 ./mycode/gw1ns4c_it.o
 .debug_macro   0x00002b93       0x94 ./mycode/gw1ns4c_it.o
 .debug_macro   0x00002c27       0x58 ./mycode/gw1ns4c_it.o
 .debug_macro   0x00002c7f       0x34 ./mycode/gw1ns4c_it.o
 .debug_macro   0x00002cb3       0x1c ./mycode/gw1ns4c_it.o
 .debug_macro   0x00002ccf      0x123 ./mycode/hb100.o
 .debug_macro   0x00002df2      0x7d5 ./mycode/hb100.o
 .debug_macro   0x000035c7       0x1c ./mycode/hb100.o
 .debug_macro   0x000035e3      0x11b ./mycode/main.o
 .debug_macro   0x000036fe      0x100 ./lib/StdPeriph_Driver/Sources/gw1ns4c_gpio.o
 .debug_macro   0x000037fe       0x34 ./lib/StdPeriph_Driver/Sources/gw1ns4c_gpio.o
 .debug_macro   0x00003832      0x100 ./lib/StdPeriph_Driver/Sources/gw1ns4c_timer.o
 .debug_macro   0x00003932       0x3e ./lib/StdPeriph_Driver/Sources/uart.o
 .debug_macro   0x00003970       0xfc ./lib/CMSIS/DeviceSupport/system/system_gw1ns4c.o

.debug_line     0x00000000     0x2ac6
 .debug_line    0x00000000      0x242 ./mycode/apb.o
 .debug_line    0x00000242      0x581 ./mycode/gps_neo_6m.o
 .debug_line    0x000007c3      0x688 ./mycode/gw1ns4c_it.o
 .debug_line    0x00000e4b      0x5db ./mycode/hb100.o
 .debug_line    0x00001426      0x40b ./mycode/main.o
 .debug_line    0x00001831      0x669 ./lib/StdPeriph_Driver/Sources/gw1ns4c_gpio.o
 .debug_line    0x00001e9a      0x538 ./lib/StdPeriph_Driver/Sources/gw1ns4c_timer.o
 .debug_line    0x000023d2      0x236 ./lib/StdPeriph_Driver/Sources/uart.o
 .debug_line    0x00002608      0x40a ./lib/CMSIS/DeviceSupport/system/system_gw1ns4c.o
 .debug_line    0x00002a12       0xb4 ./lib/CMSIS/DeviceSupport/startup/gmd/startup_gw1ns4c.o

.debug_str      0x00000000     0xd464
 .debug_str     0x00000000     0x3b45 ./mycode/apb.o
                               0x3cbb (size before relaxing)
 .debug_str     0x00003b45     0x41c9 ./mycode/gps_neo_6m.o
                               0x751c (size before relaxing)
 .debug_str     0x00007d0e     0x4e4b ./mycode/gw1ns4c_it.o
                               0x8ab5 (size before relaxing)
 .debug_str     0x0000cb59      0x34c ./mycode/hb100.o
                               0x8b9b (size before relaxing)
 .debug_str     0x0000cea5       0x53 ./mycode/main.o
                               0x88ab (size before relaxing)
 .debug_str     0x0000cef8      0x19c ./lib/StdPeriph_Driver/Sources/gw1ns4c_gpio.o
                               0x8b73 (size before relaxing)
 .debug_str     0x0000d094      0x12f ./lib/StdPeriph_Driver/Sources/gw1ns4c_timer.o
                               0x8a3d (size before relaxing)
 .debug_str     0x0000d1c3      0x1ea ./lib/StdPeriph_Driver/Sources/uart.o
                               0x2f7e (size before relaxing)
 .debug_str     0x0000d3ad       0x70 ./lib/CMSIS/DeviceSupport/system/system_gw1ns4c.o
                               0x88aa (size before relaxing)
 .debug_str     0x0000d41d       0x47 ./lib/CMSIS/DeviceSupport/startup/gmd/startup_gw1ns4c.o
                                 0x82 (size before relaxing)

.debug_frame    0x00000000     0x1af0
 .debug_frame   0x00000000       0x5c ./mycode/apb.o
 .debug_frame   0x0000005c      0x124 ./mycode/gps_neo_6m.o
 .debug_frame   0x00000180      0x490 ./mycode/gw1ns4c_it.o
 .debug_frame   0x00000610      0x160 ./mycode/hb100.o
 .debug_frame   0x00000770       0x30 ./mycode/main.o
 .debug_frame   0x000007a0      0x330 ./lib/StdPeriph_Driver/Sources/gw1ns4c_gpio.o
 .debug_frame   0x00000ad0      0x218 ./lib/StdPeriph_Driver/Sources/gw1ns4c_timer.o
 .debug_frame   0x00000ce8      0x11c ./lib/StdPeriph_Driver/Sources/uart.o
 .debug_frame   0x00000e04       0x50 ./lib/CMSIS/DeviceSupport/system/system_gw1ns4c.o
 .debug_frame   0x00000e54       0x28 c:/gmd/toolchain/arm_toolchain/bin/../lib/gcc/arm-none-eabi/8.3.1/../../../../arm-none-eabi/lib/thumb/v7-m/nofp\libg.a(lib_a-exit.o)
 .debug_frame   0x00000e7c       0x38 c:/gmd/toolchain/arm_toolchain/bin/../lib/gcc/arm-none-eabi/8.3.1/../../../../arm-none-eabi/lib/thumb/v7-m/nofp\libg.a(lib_a-memset.o)
 .debug_frame   0x00000eb4       0x80 c:/gmd/toolchain/arm_toolchain/bin/../lib/gcc/arm-none-eabi/8.3.1/../../../../arm-none-eabi/lib/thumb/v7-m/nofp\libg.a(lib_a-sprintf.o)
 .debug_frame   0x00000f34       0x48 c:/gmd/toolchain/arm_toolchain/bin/../lib/gcc/arm-none-eabi/8.3.1/../../../../arm-none-eabi/lib/thumb/v7-m/nofp\libg.a(lib_a-strncmp.o)
 .debug_frame   0x00000f7c       0x38 c:/gmd/toolchain/arm_toolchain/bin/../lib/gcc/arm-none-eabi/8.3.1/../../../../arm-none-eabi/lib/thumb/v7-m/nofp\libg.a(lib_a-strncpy.o)
 .debug_frame   0x00000fb4       0x44 c:/gmd/toolchain/arm_toolchain/bin/../lib/gcc/arm-none-eabi/8.3.1/../../../../arm-none-eabi/lib/thumb/v7-m/nofp\libg.a(lib_a-svfprintf.o)
 .debug_frame   0x00000ff8       0x5c c:/gmd/toolchain/arm_toolchain/bin/../lib/gcc/arm-none-eabi/8.3.1/../../../../arm-none-eabi/lib/thumb/v7-m/nofp\libg.a(lib_a-__call_atexit.o)
 .debug_frame   0x00001054       0x8c c:/gmd/toolchain/arm_toolchain/bin/../lib/gcc/arm-none-eabi/8.3.1/../../../../arm-none-eabi/lib/thumb/v7-m/nofp\libg.a(lib_a-dtoa.o)
 .debug_frame   0x000010e0       0x8c c:/gmd/toolchain/arm_toolchain/bin/../lib/gcc/arm-none-eabi/8.3.1/../../../../arm-none-eabi/lib/thumb/v7-m/nofp\libg.a(lib_a-freer.o)
 .debug_frame   0x0000116c       0x40 c:/gmd/toolchain/arm_toolchain/bin/../lib/gcc/arm-none-eabi/8.3.1/../../../../arm-none-eabi/lib/thumb/v7-m/nofp\libg.a(lib_a-localeconv.o)
 .debug_frame   0x000011ac       0xb0 c:/gmd/toolchain/arm_toolchain/bin/../lib/gcc/arm-none-eabi/8.3.1/../../../../arm-none-eabi/lib/thumb/v7-m/nofp\libg.a(lib_a-lock.o)
 .debug_frame   0x0000125c       0x4c c:/gmd/toolchain/arm_toolchain/bin/../lib/gcc/arm-none-eabi/8.3.1/../../../../arm-none-eabi/lib/thumb/v7-m/nofp\libg.a(lib_a-mallocr.o)
 .debug_frame   0x000012a8       0x34 c:/gmd/toolchain/arm_toolchain/bin/../lib/gcc/arm-none-eabi/8.3.1/../../../../arm-none-eabi/lib/thumb/v7-m/nofp\libg.a(lib_a-memchr-stub.o)
 .debug_frame   0x000012dc       0x30 c:/gmd/toolchain/arm_toolchain/bin/../lib/gcc/arm-none-eabi/8.3.1/../../../../arm-none-eabi/lib/thumb/v7-m/nofp\libg.a(lib_a-mlock.o)
 .debug_frame   0x0000130c      0x260 c:/gmd/toolchain/arm_toolchain/bin/../lib/gcc/arm-none-eabi/8.3.1/../../../../arm-none-eabi/lib/thumb/v7-m/nofp\libg.a(lib_a-mprec.o)
 .debug_frame   0x0000156c       0x30 c:/gmd/toolchain/arm_toolchain/bin/../lib/gcc/arm-none-eabi/8.3.1/../../../../arm-none-eabi/lib/thumb/v7-m/nofp\libg.a(lib_a-s_frexp.o)
 .debug_frame   0x0000159c       0x2c c:/gmd/toolchain/arm_toolchain/bin/../lib/gcc/arm-none-eabi/8.3.1/../../../../arm-none-eabi/lib/thumb/v7-m/nofp\libg.a(lib_a-sbrkr.o)
 .debug_frame   0x000015c8       0x20 c:/gmd/toolchain/arm_toolchain/bin/../lib/gcc/arm-none-eabi/8.3.1/../../../../arm-none-eabi/lib/thumb/v7-m/nofp\libg.a(lib_a-strlen-stub.o)
 .debug_frame   0x000015e8       0x78 c:/gmd/toolchain/arm_toolchain/bin/../lib/gcc/arm-none-eabi/8.3.1/../../../../arm-none-eabi/lib/thumb/v7-m/nofp\libg.a(lib_a-svfiprintf.o)
 .debug_frame   0x00001660       0x28 c:/gmd/toolchain/arm_toolchain/bin/../lib/gcc/arm-none-eabi/8.3.1/../../../../arm-none-eabi/lib/thumb/v7-m/nofp\libg.a(lib_a-callocr.o)
 .debug_frame   0x00001688       0x54 c:/gmd/toolchain/arm_toolchain/bin/../lib/gcc/arm-none-eabi/8.3.1/../../../../arm-none-eabi/lib/thumb/v7-m/nofp\libg.a(lib_a-locale.o)
 .debug_frame   0x000016dc       0x4c c:/gmd/toolchain/arm_toolchain/bin/../lib/gcc/arm-none-eabi/8.3.1/../../../../arm-none-eabi/lib/thumb/v7-m/nofp\libg.a(lib_a-mbtowc_r.o)
 .debug_frame   0x00001728       0x40 c:/gmd/toolchain/arm_toolchain/bin/../lib/gcc/arm-none-eabi/8.3.1/../../../../arm-none-eabi/lib/thumb/v7-m/nofp\libg.a(lib_a-memmove.o)
 .debug_frame   0x00001768       0x48 c:/gmd/toolchain/arm_toolchain/bin/../lib/gcc/arm-none-eabi/8.3.1/../../../../arm-none-eabi/lib/thumb/v7-m/nofp\libg.a(lib_a-reallocr.o)
 .debug_frame   0x000017b0       0x60 c:/gmd/toolchain/arm_toolchain/bin/../lib/gcc/arm-none-eabi/8.3.1/../../../../arm-none-eabi/lib/thumb/v7-m/nofp\libg.a(lib_a-reent.o)
 .debug_frame   0x00001810       0x3c c:/gmd/toolchain/arm_toolchain/bin/../lib/gcc/arm-none-eabi/8.3.1/../../../../arm-none-eabi/lib/thumb/v7-m/nofp\libg.a(lib_a-wctomb_r.o)
 .debug_frame   0x0000184c       0xac c:/gmd/toolchain/arm_toolchain/bin/../lib/gcc/arm-none-eabi/8.3.1/thumb/v7-m/nofp\libgcc.a(_arm_addsubdf3.o)
 .debug_frame   0x000018f8       0x50 c:/gmd/toolchain/arm_toolchain/bin/../lib/gcc/arm-none-eabi/8.3.1/thumb/v7-m/nofp\libgcc.a(_arm_muldivdf3.o)
 .debug_frame   0x00001948       0xc4 c:/gmd/toolchain/arm_toolchain/bin/../lib/gcc/arm-none-eabi/8.3.1/thumb/v7-m/nofp\libgcc.a(_arm_cmpdf2.o)
 .debug_frame   0x00001a0c       0x20 c:/gmd/toolchain/arm_toolchain/bin/../lib/gcc/arm-none-eabi/8.3.1/thumb/v7-m/nofp\libgcc.a(_arm_unorddf2.o)
 .debug_frame   0x00001a2c       0x24 c:/gmd/toolchain/arm_toolchain/bin/../lib/gcc/arm-none-eabi/8.3.1/thumb/v7-m/nofp\libgcc.a(_arm_fixdfsi.o)
 .debug_frame   0x00001a50       0x2c c:/gmd/toolchain/arm_toolchain/bin/../lib/gcc/arm-none-eabi/8.3.1/thumb/v7-m/nofp\libgcc.a(_aeabi_uldivmod.o)
 .debug_frame   0x00001a7c       0x34 c:/gmd/toolchain/arm_toolchain/bin/../lib/gcc/arm-none-eabi/8.3.1/thumb/v7-m/nofp\libgcc.a(_udivmoddi4.o)
 .debug_frame   0x00001ab0       0x20 c:/gmd/toolchain/arm_toolchain/bin/../lib/gcc/arm-none-eabi/8.3.1/../../../../arm-none-eabi/lib/thumb/v7-m/nofp\libnosys.a(sbrk.o)
 .debug_frame   0x00001ad0       0x20 c:/gmd/toolchain/arm_toolchain/bin/../lib/gcc/arm-none-eabi/8.3.1/../../../../arm-none-eabi/lib/thumb/v7-m/nofp\libnosys.a(_exit.o)
