#! /mingw64/bin/vvp
:ivl_version "12.0 (stable)";
:ivl_delay_selection "TYPICAL";
:vpi_time_precision - 12;
:vpi_module "C:\msys64\mingw64\lib\ivl\system.vpi";
:vpi_module "C:\msys64\mingw64\lib\ivl\vhdl_sys.vpi";
:vpi_module "C:\msys64\mingw64\lib\ivl\vhdl_textio.vpi";
:vpi_module "C:\msys64\mingw64\lib\ivl\v2005_math.vpi";
:vpi_module "C:\msys64\mingw64\lib\ivl\va_math.vpi";
S_00000246657a3ee0 .scope module, "tb_uart" "tb_uart" 2 2;
 .timescale -9 -12;
P_00000246657c00d0 .param/l "BAUD_RATE" 1 2 10, +C4<00000000000000011100001000000000>;
P_00000246657c0108 .param/l "BIT_TIME" 1 2 11, +C4<00000000000000000010000111101000>;
v000002466581e4e0_0 .net "I_mode", 2 0, L_00000246657b2a50;  1 drivers
v000002466581f8e0_0 .var "clk", 0 0;
v000002466581e260_0 .var "rst", 0 0;
v000002466581f340_0 .var "rx", 0 0;
v000002466581f980_0 .net "tx", 0 0, v000002466578bb50_0;  1 drivers
S_00000246657a4070 .scope module, "dut" "uart" 2 14, 3 1 0, S_00000246657a3ee0;
 .timescale -9 -12;
    .port_info 0 /INPUT 1 "clk";
    .port_info 1 /INPUT 1 "rst";
    .port_info 2 /INPUT 1 "rx";
    .port_info 3 /OUTPUT 3 "I_mode";
    .port_info 4 /OUTPUT 1 "tx";
P_00000246657ad0d0 .param/l "BAUD_RATE" 1 3 10, +C4<00000000000000011100001000000000>;
P_00000246657ad108 .param/l "CLK_FREQ" 1 3 9, +C4<00000001100110111111110011000000>;
P_00000246657ad140 .param/l "MSG_LEN" 1 3 84, +C4<00000000000000000000000000010000>;
P_00000246657ad178 .param/l "S_DONE" 1 3 48, C4<101>;
P_00000246657ad1b0 .param/l "S_IDLE" 1 3 43, C4<000>;
P_00000246657ad1e8 .param/l "S_M" 1 3 44, C4<001>;
P_00000246657ad220 .param/l "S_MO" 1 3 45, C4<010>;
P_00000246657ad258 .param/l "S_MOD" 1 3 46, C4<011>;
P_00000246657ad290 .param/l "S_MODE" 1 3 47, C4<100>;
P_00000246657ad2c8 .param/l "TX_IDLE" 1 3 116, C4<00>;
P_00000246657ad300 .param/l "TX_SEND" 1 3 117, C4<01>;
P_00000246657ad338 .param/l "TX_WAIT" 1 3 118, C4<10>;
L_00000246657b2a50 .functor BUFZ 3, v000002466581e800_0, C4<000>, C4<000>, C4<000>;
v000002466581f020_0 .net "I_mode", 2 0, L_00000246657b2a50;  alias, 1 drivers
v000002466581e300_0 .net "clk", 0 0, v000002466581f8e0_0;  1 drivers
v000002466581e800_0 .var "current_mode", 2 0;
v000002466581ebc0_0 .var "mode_cmd_pulse", 3 0;
v000002466581f7a0_0 .net "rst", 0 0, v000002466581e260_0;  1 drivers
v000002466581f5c0_0 .net "rx", 0 0, v000002466581f340_0;  1 drivers
v000002466581f2a0_0 .net "rx_data", 7 0, v000002466578b830_0;  1 drivers
v000002466581f660_0 .net "rx_strobe", 0 0, v000002466578c410_0;  1 drivers
v000002466581e440_0 .var "state", 2 0;
v000002466581eb20_0 .net "tx", 0 0, v000002466578bb50_0;  alias, 1 drivers
v000002466581ec60_0 .net "tx_busy", 0 0, v000002466578c050_0;  1 drivers
v000002466581f840_0 .var "tx_data", 7 0;
v000002466581fc00_0 .var "tx_index", 3 0;
v000002466581e3a0_0 .var "tx_start", 0 0;
v000002466581f700_0 .var "tx_state", 1 0;
S_00000246657ad380 .scope module, "U_RX" "uart_rx" 3 19, 4 1 0, S_00000246657a4070;
 .timescale -9 -12;
    .port_info 0 /INPUT 1 "clk";
    .port_info 1 /INPUT 1 "rst";
    .port_info 2 /INPUT 1 "rx";
    .port_info 3 /OUTPUT 8 "rx_data";
    .port_info 4 /OUTPUT 1 "data_ready";
P_00000246657565e0 .param/l "BAUD_RATE" 0 4 1, +C4<00000000000000011100001000000000>;
P_0000024665756618 .param/l "CLKS_PER_BIT" 1 4 8, +C4<00000000000000000000000011101010>;
P_0000024665756650 .param/l "CLK_FREQ" 0 4 1, +C4<00000001100110111111110011000000>;
P_0000024665756688 .param/l "HALF_CLKS_PER_BIT" 1 4 9, +C4<00000000000000000000000001110101>;
P_00000246657566c0 .param/l "S_DATA" 1 4 32, C4<10>;
P_00000246657566f8 .param/l "S_IDLE" 1 4 30, C4<00>;
P_0000024665756730 .param/l "S_START" 1 4 31, C4<01>;
P_0000024665756768 .param/l "S_STOP" 1 4 33, C4<11>;
L_00000246657b30e0 .functor BUFZ 1, v000002466578c4b0_0, C4<0>, C4<0>, C4<0>;
v000002466578bdd0_0 .var "bit_index", 2 0;
v000002466578c2d0_0 .net "clk", 0 0, v000002466581f8e0_0;  alias, 1 drivers
v000002466578c370_0 .var "clk_count", 15 0;
v000002466578c410_0 .var "data_ready", 0 0;
v000002466578bbf0_0 .net "rst", 0 0, v000002466581e260_0;  alias, 1 drivers
v000002466578c5f0_0 .net "rx", 0 0, v000002466581f340_0;  alias, 1 drivers
v000002466578b830_0 .var "rx_data", 7 0;
v000002466578bfb0_0 .net "rx_sample", 0 0, L_00000246657b30e0;  1 drivers
v000002466578b970_0 .var "rx_shift", 7 0;
v000002466578c690_0 .var "rx_sync_0", 0 0;
v000002466578c4b0_0 .var "rx_sync_1", 0 0;
v000002466578bd30_0 .var "state", 1 0;
E_00000246657864b0/0 .event negedge, v000002466578bbf0_0;
E_00000246657864b0/1 .event posedge, v000002466578c2d0_0;
E_00000246657864b0 .event/or E_00000246657864b0/0, E_00000246657864b0/1;
S_00000246657567b0 .scope module, "U_TX" "uart_tx" 3 32, 5 1 0, S_00000246657a4070;
 .timescale -9 -12;
    .port_info 0 /INPUT 1 "clk";
    .port_info 1 /INPUT 1 "rst";
    .port_info 2 /INPUT 1 "tx_start";
    .port_info 3 /INPUT 8 "tx_data";
    .port_info 4 /OUTPUT 1 "tx";
    .port_info 5 /OUTPUT 1 "tx_busy";
P_0000024665756940 .param/l "BAUD_RATE" 0 5 1, +C4<00000000000000011100001000000000>;
P_0000024665756978 .param/l "CLKS_PER_BIT" 1 5 9, +C4<00000000000000000000000011101010>;
P_00000246657569b0 .param/l "CLK_FREQ" 0 5 1, +C4<00000001100110111111110011000000>;
v000002466578be70_0 .var "baud_cnt", 15 0;
v000002466578bf10_0 .var "baud_tick", 0 0;
v000002466578ba10_0 .var "bit_idx", 3 0;
v000002466578c550_0 .net "clk", 0 0, v000002466581f8e0_0;  alias, 1 drivers
v000002466578bab0_0 .net "rst", 0 0, v000002466581e260_0;  alias, 1 drivers
v000002466578bb50_0 .var "tx", 0 0;
v000002466578c050_0 .var "tx_busy", 0 0;
v000002466578c0f0_0 .net "tx_data", 7 0, v000002466581f840_0;  1 drivers
v000002466578bc90_0 .var "tx_shift", 9 0;
v000002466578c190_0 .net "tx_start", 0 0, v000002466581e3a0_0;  1 drivers
S_0000024665788c00 .scope function.vec4.s8, "get_char" "get_char" 3 86, 3 86 0, S_00000246657a4070;
 .timescale -9 -12;
; Variable get_char is vec4 return value of scope S_0000024665788c00
v000002466581ff20_0 .var "idx", 3 0;
v000002466581eee0_0 .var "mode", 2 0;
TD_tb_uart.dut.get_char ;
    %load/vec4 v000002466581ff20_0;
    %dup/vec4;
    %pushi/vec4 0, 0, 4;
    %cmp/u;
    %jmp/1 T_0.0, 6;
    %dup/vec4;
    %pushi/vec4 1, 0, 4;
    %cmp/u;
    %jmp/1 T_0.1, 6;
    %dup/vec4;
    %pushi/vec4 2, 0, 4;
    %cmp/u;
    %jmp/1 T_0.2, 6;
    %dup/vec4;
    %pushi/vec4 3, 0, 4;
    %cmp/u;
    %jmp/1 T_0.3, 6;
    %dup/vec4;
    %pushi/vec4 4, 0, 4;
    %cmp/u;
    %jmp/1 T_0.4, 6;
    %dup/vec4;
    %pushi/vec4 5, 0, 4;
    %cmp/u;
    %jmp/1 T_0.5, 6;
    %dup/vec4;
    %pushi/vec4 6, 0, 4;
    %cmp/u;
    %jmp/1 T_0.6, 6;
    %dup/vec4;
    %pushi/vec4 7, 0, 4;
    %cmp/u;
    %jmp/1 T_0.7, 6;
    %dup/vec4;
    %pushi/vec4 8, 0, 4;
    %cmp/u;
    %jmp/1 T_0.8, 6;
    %dup/vec4;
    %pushi/vec4 9, 0, 4;
    %cmp/u;
    %jmp/1 T_0.9, 6;
    %dup/vec4;
    %pushi/vec4 10, 0, 4;
    %cmp/u;
    %jmp/1 T_0.10, 6;
    %dup/vec4;
    %pushi/vec4 11, 0, 4;
    %cmp/u;
    %jmp/1 T_0.11, 6;
    %dup/vec4;
    %pushi/vec4 12, 0, 4;
    %cmp/u;
    %jmp/1 T_0.12, 6;
    %dup/vec4;
    %pushi/vec4 13, 0, 4;
    %cmp/u;
    %jmp/1 T_0.13, 6;
    %dup/vec4;
    %pushi/vec4 14, 0, 4;
    %cmp/u;
    %jmp/1 T_0.14, 6;
    %dup/vec4;
    %pushi/vec4 15, 0, 4;
    %cmp/u;
    %jmp/1 T_0.15, 6;
    %pushi/vec4 32, 0, 8; draw_string_vec4
    %ret/vec4 0, 0, 8;  Assign to get_char (store_vec4_to_lval)
    %jmp T_0.17;
T_0.0 ;
    %pushi/vec4 77, 0, 8; draw_string_vec4
    %ret/vec4 0, 0, 8;  Assign to get_char (store_vec4_to_lval)
    %jmp T_0.17;
T_0.1 ;
    %pushi/vec4 111, 0, 8; draw_string_vec4
    %ret/vec4 0, 0, 8;  Assign to get_char (store_vec4_to_lval)
    %jmp T_0.17;
T_0.2 ;
    %pushi/vec4 100, 0, 8; draw_string_vec4
    %ret/vec4 0, 0, 8;  Assign to get_char (store_vec4_to_lval)
    %jmp T_0.17;
T_0.3 ;
    %pushi/vec4 101, 0, 8; draw_string_vec4
    %ret/vec4 0, 0, 8;  Assign to get_char (store_vec4_to_lval)
    %jmp T_0.17;
T_0.4 ;
    %pushi/vec4 32, 0, 8; draw_string_vec4
    %ret/vec4 0, 0, 8;  Assign to get_char (store_vec4_to_lval)
    %jmp T_0.17;
T_0.5 ;
    %pushi/vec4 49, 0, 8; draw_string_vec4
    %load/vec4 v000002466581eee0_0;
    %pad/u 8;
    %add;
    %ret/vec4 0, 0, 8;  Assign to get_char (store_vec4_to_lval)
    %jmp T_0.17;
T_0.6 ;
    %pushi/vec4 58, 0, 8; draw_string_vec4
    %ret/vec4 0, 0, 8;  Assign to get_char (store_vec4_to_lval)
    %jmp T_0.17;
T_0.7 ;
    %pushi/vec4 67, 0, 8; draw_string_vec4
    %ret/vec4 0, 0, 8;  Assign to get_char (store_vec4_to_lval)
    %jmp T_0.17;
T_0.8 ;
    %pushi/vec4 104, 0, 8; draw_string_vec4
    %ret/vec4 0, 0, 8;  Assign to get_char (store_vec4_to_lval)
    %jmp T_0.17;
T_0.9 ;
    %pushi/vec4 97, 0, 8; draw_string_vec4
    %ret/vec4 0, 0, 8;  Assign to get_char (store_vec4_to_lval)
    %jmp T_0.17;
T_0.10 ;
    %pushi/vec4 110, 0, 8; draw_string_vec4
    %ret/vec4 0, 0, 8;  Assign to get_char (store_vec4_to_lval)
    %jmp T_0.17;
T_0.11 ;
    %pushi/vec4 103, 0, 8; draw_string_vec4
    %ret/vec4 0, 0, 8;  Assign to get_char (store_vec4_to_lval)
    %jmp T_0.17;
T_0.12 ;
    %pushi/vec4 101, 0, 8; draw_string_vec4
    %ret/vec4 0, 0, 8;  Assign to get_char (store_vec4_to_lval)
    %jmp T_0.17;
T_0.13 ;
    %pushi/vec4 100, 0, 8; draw_string_vec4
    %ret/vec4 0, 0, 8;  Assign to get_char (store_vec4_to_lval)
    %jmp T_0.17;
T_0.14 ;
    %pushi/vec4 33, 0, 8; draw_string_vec4
    %ret/vec4 0, 0, 8;  Assign to get_char (store_vec4_to_lval)
    %jmp T_0.17;
T_0.15 ;
    %pushi/vec4 10, 0, 8; draw_string_vec4
    %ret/vec4 0, 0, 8;  Assign to get_char (store_vec4_to_lval)
    %jmp T_0.17;
T_0.17 ;
    %pop/vec4 1;
    %end;
S_0000024665788d90 .scope task, "uart_send_byte" "uart_send_byte" 2 26, 2 26 0, S_00000246657a3ee0;
 .timescale -9 -12;
v000002466581fa20_0 .var "data", 7 0;
v000002466581ed00_0 .var/i "i", 31 0;
TD_tb_uart.uart_send_byte ;
    %pushi/vec4 0, 0, 1;
    %store/vec4 v000002466581f340_0, 0, 1;
    %delay 8680000, 0;
    %pushi/vec4 0, 0, 32;
    %store/vec4 v000002466581ed00_0, 0, 32;
T_1.18 ;
    %load/vec4 v000002466581ed00_0;
    %cmpi/s 8, 0, 32;
    %jmp/0xz T_1.19, 5;
    %load/vec4 v000002466581fa20_0;
    %load/vec4 v000002466581ed00_0;
    %part/s 1;
    %store/vec4 v000002466581f340_0, 0, 1;
    %delay 8680000, 0;
    %load/vec4 v000002466581ed00_0;
    %addi 1, 0, 32;
    %store/vec4 v000002466581ed00_0, 0, 32;
    %jmp T_1.18;
T_1.19 ;
    %pushi/vec4 1, 0, 1;
    %store/vec4 v000002466581f340_0, 0, 1;
    %delay 8680000, 0;
    %end;
    .scope S_00000246657ad380;
T_2 ;
    %wait E_00000246657864b0;
    %load/vec4 v000002466578bbf0_0;
    %nor/r;
    %flag_set/vec4 8;
    %jmp/0xz  T_2.0, 8;
    %pushi/vec4 1, 0, 1;
    %assign/vec4 v000002466578c690_0, 0;
    %pushi/vec4 1, 0, 1;
    %assign/vec4 v000002466578c4b0_0, 0;
    %jmp T_2.1;
T_2.0 ;
    %load/vec4 v000002466578c5f0_0;
    %assign/vec4 v000002466578c690_0, 0;
    %load/vec4 v000002466578c690_0;
    %assign/vec4 v000002466578c4b0_0, 0;
T_2.1 ;
    %jmp T_2;
    .thread T_2;
    .scope S_00000246657ad380;
T_3 ;
    %wait E_00000246657864b0;
    %load/vec4 v000002466578bbf0_0;
    %nor/r;
    %flag_set/vec4 8;
    %jmp/0xz  T_3.0, 8;
    %pushi/vec4 0, 0, 2;
    %assign/vec4 v000002466578bd30_0, 0;
    %pushi/vec4 0, 0, 16;
    %assign/vec4 v000002466578c370_0, 0;
    %pushi/vec4 0, 0, 3;
    %assign/vec4 v000002466578bdd0_0, 0;
    %pushi/vec4 0, 0, 8;
    %assign/vec4 v000002466578b970_0, 0;
    %pushi/vec4 0, 0, 8;
    %assign/vec4 v000002466578b830_0, 0;
    %pushi/vec4 0, 0, 1;
    %assign/vec4 v000002466578c410_0, 0;
    %jmp T_3.1;
T_3.0 ;
    %pushi/vec4 0, 0, 1;
    %assign/vec4 v000002466578c410_0, 0;
    %load/vec4 v000002466578bd30_0;
    %dup/vec4;
    %pushi/vec4 0, 0, 2;
    %cmp/u;
    %jmp/1 T_3.2, 6;
    %dup/vec4;
    %pushi/vec4 1, 0, 2;
    %cmp/u;
    %jmp/1 T_3.3, 6;
    %dup/vec4;
    %pushi/vec4 2, 0, 2;
    %cmp/u;
    %jmp/1 T_3.4, 6;
    %dup/vec4;
    %pushi/vec4 3, 0, 2;
    %cmp/u;
    %jmp/1 T_3.5, 6;
    %pushi/vec4 0, 0, 2;
    %assign/vec4 v000002466578bd30_0, 0;
    %jmp T_3.7;
T_3.2 ;
    %pushi/vec4 0, 0, 16;
    %assign/vec4 v000002466578c370_0, 0;
    %pushi/vec4 0, 0, 3;
    %assign/vec4 v000002466578bdd0_0, 0;
    %load/vec4 v000002466578bfb0_0;
    %cmpi/e 0, 0, 1;
    %jmp/0xz  T_3.8, 4;
    %pushi/vec4 1, 0, 2;
    %assign/vec4 v000002466578bd30_0, 0;
T_3.8 ;
    %jmp T_3.7;
T_3.3 ;
    %load/vec4 v000002466578c370_0;
    %pad/u 32;
    %cmpi/e 117, 0, 32;
    %jmp/0xz  T_3.10, 4;
    %load/vec4 v000002466578bfb0_0;
    %cmpi/e 0, 0, 1;
    %jmp/0xz  T_3.12, 4;
    %pushi/vec4 0, 0, 16;
    %assign/vec4 v000002466578c370_0, 0;
    %pushi/vec4 2, 0, 2;
    %assign/vec4 v000002466578bd30_0, 0;
    %jmp T_3.13;
T_3.12 ;
    %pushi/vec4 0, 0, 2;
    %assign/vec4 v000002466578bd30_0, 0;
T_3.13 ;
    %jmp T_3.11;
T_3.10 ;
    %load/vec4 v000002466578c370_0;
    %addi 1, 0, 16;
    %assign/vec4 v000002466578c370_0, 0;
T_3.11 ;
    %jmp T_3.7;
T_3.4 ;
    %load/vec4 v000002466578c370_0;
    %pad/u 32;
    %cmpi/e 233, 0, 32;
    %jmp/0xz  T_3.14, 4;
    %pushi/vec4 0, 0, 16;
    %assign/vec4 v000002466578c370_0, 0;
    %load/vec4 v000002466578bfb0_0;
    %ix/load 5, 0, 0;
    %ix/getv 4, v000002466578bdd0_0;
    %assign/vec4/off/d v000002466578b970_0, 4, 5;
    %load/vec4 v000002466578bdd0_0;
    %cmpi/e 7, 0, 3;
    %jmp/0xz  T_3.16, 4;
    %pushi/vec4 0, 0, 3;
    %assign/vec4 v000002466578bdd0_0, 0;
    %pushi/vec4 3, 0, 2;
    %assign/vec4 v000002466578bd30_0, 0;
    %jmp T_3.17;
T_3.16 ;
    %load/vec4 v000002466578bdd0_0;
    %addi 1, 0, 3;
    %assign/vec4 v000002466578bdd0_0, 0;
T_3.17 ;
    %jmp T_3.15;
T_3.14 ;
    %load/vec4 v000002466578c370_0;
    %addi 1, 0, 16;
    %assign/vec4 v000002466578c370_0, 0;
T_3.15 ;
    %jmp T_3.7;
T_3.5 ;
    %load/vec4 v000002466578c370_0;
    %pad/u 32;
    %cmpi/e 233, 0, 32;
    %jmp/0xz  T_3.18, 4;
    %pushi/vec4 0, 0, 16;
    %assign/vec4 v000002466578c370_0, 0;
    %load/vec4 v000002466578b970_0;
    %assign/vec4 v000002466578b830_0, 0;
    %pushi/vec4 1, 0, 1;
    %assign/vec4 v000002466578c410_0, 0;
    %pushi/vec4 0, 0, 2;
    %assign/vec4 v000002466578bd30_0, 0;
    %jmp T_3.19;
T_3.18 ;
    %load/vec4 v000002466578c370_0;
    %addi 1, 0, 16;
    %assign/vec4 v000002466578c370_0, 0;
T_3.19 ;
    %jmp T_3.7;
T_3.7 ;
    %pop/vec4 1;
T_3.1 ;
    %jmp T_3;
    .thread T_3;
    .scope S_00000246657567b0;
T_4 ;
    %pushi/vec4 0, 0, 4;
    %store/vec4 v000002466578ba10_0, 0, 4;
    %pushi/vec4 1023, 0, 10;
    %store/vec4 v000002466578bc90_0, 0, 10;
    %pushi/vec4 0, 0, 16;
    %store/vec4 v000002466578be70_0, 0, 16;
    %pushi/vec4 0, 0, 1;
    %store/vec4 v000002466578bf10_0, 0, 1;
    %end;
    .thread T_4;
    .scope S_00000246657567b0;
T_5 ;
    %wait E_00000246657864b0;
    %load/vec4 v000002466578bab0_0;
    %nor/r;
    %flag_set/vec4 8;
    %jmp/0xz  T_5.0, 8;
    %pushi/vec4 0, 0, 16;
    %assign/vec4 v000002466578be70_0, 0;
    %pushi/vec4 0, 0, 1;
    %assign/vec4 v000002466578bf10_0, 0;
    %jmp T_5.1;
T_5.0 ;
    %load/vec4 v000002466578be70_0;
    %pad/u 32;
    %cmpi/e 233, 0, 32;
    %jmp/0xz  T_5.2, 4;
    %pushi/vec4 0, 0, 16;
    %assign/vec4 v000002466578be70_0, 0;
    %pushi/vec4 1, 0, 1;
    %assign/vec4 v000002466578bf10_0, 0;
    %jmp T_5.3;
T_5.2 ;
    %load/vec4 v000002466578be70_0;
    %addi 1, 0, 16;
    %assign/vec4 v000002466578be70_0, 0;
    %pushi/vec4 0, 0, 1;
    %assign/vec4 v000002466578bf10_0, 0;
T_5.3 ;
T_5.1 ;
    %jmp T_5;
    .thread T_5;
    .scope S_00000246657567b0;
T_6 ;
    %wait E_00000246657864b0;
    %load/vec4 v000002466578bab0_0;
    %nor/r;
    %flag_set/vec4 8;
    %jmp/0xz  T_6.0, 8;
    %pushi/vec4 1, 0, 1;
    %assign/vec4 v000002466578bb50_0, 0;
    %pushi/vec4 0, 0, 1;
    %assign/vec4 v000002466578c050_0, 0;
    %pushi/vec4 0, 0, 4;
    %assign/vec4 v000002466578ba10_0, 0;
    %pushi/vec4 1023, 0, 10;
    %store/vec4 v000002466578bc90_0, 0, 10;
    %jmp T_6.1;
T_6.0 ;
    %load/vec4 v000002466578c190_0;
    %flag_set/vec4 9;
    %flag_get/vec4 9;
    %jmp/0 T_6.4, 9;
    %load/vec4 v000002466578c050_0;
    %nor/r;
    %and;
T_6.4;
    %flag_set/vec4 8;
    %jmp/0xz  T_6.2, 8;
    %pushi/vec4 1, 0, 1;
    %load/vec4 v000002466578c0f0_0;
    %concat/vec4; draw_concat_vec4
    %concati/vec4 0, 0, 1;
    %assign/vec4 v000002466578bc90_0, 0;
    %pushi/vec4 1, 0, 1;
    %assign/vec4 v000002466578c050_0, 0;
    %pushi/vec4 0, 0, 4;
    %assign/vec4 v000002466578ba10_0, 0;
    %jmp T_6.3;
T_6.2 ;
    %load/vec4 v000002466578c050_0;
    %flag_set/vec4 9;
    %flag_get/vec4 9;
    %jmp/0 T_6.7, 9;
    %load/vec4 v000002466578bf10_0;
    %and;
T_6.7;
    %flag_set/vec4 8;
    %jmp/0xz  T_6.5, 8;
    %load/vec4 v000002466578bc90_0;
    %parti/s 1, 0, 2;
    %assign/vec4 v000002466578bb50_0, 0;
    %pushi/vec4 1, 0, 1;
    %load/vec4 v000002466578bc90_0;
    %parti/s 9, 1, 2;
    %concat/vec4; draw_concat_vec4
    %assign/vec4 v000002466578bc90_0, 0;
    %load/vec4 v000002466578ba10_0;
    %addi 1, 0, 4;
    %assign/vec4 v000002466578ba10_0, 0;
    %load/vec4 v000002466578ba10_0;
    %pad/u 32;
    %cmpi/e 9, 0, 32;
    %jmp/0xz  T_6.8, 4;
    %pushi/vec4 0, 0, 1;
    %assign/vec4 v000002466578c050_0, 0;
    %pushi/vec4 1, 0, 1;
    %assign/vec4 v000002466578bb50_0, 0;
T_6.8 ;
T_6.5 ;
T_6.3 ;
T_6.1 ;
    %jmp T_6;
    .thread T_6;
    .scope S_00000246657a4070;
T_7 ;
    %wait E_00000246657864b0;
    %load/vec4 v000002466581f7a0_0;
    %nor/r;
    %flag_set/vec4 8;
    %jmp/0xz  T_7.0, 8;
    %pushi/vec4 0, 0, 3;
    %assign/vec4 v000002466581e440_0, 0;
    %pushi/vec4 0, 0, 4;
    %assign/vec4 v000002466581ebc0_0, 0;
    %jmp T_7.1;
T_7.0 ;
    %pushi/vec4 0, 0, 4;
    %assign/vec4 v000002466581ebc0_0, 0;
    %load/vec4 v000002466581f660_0;
    %flag_set/vec4 8;
    %jmp/0xz  T_7.2, 8;
    %load/vec4 v000002466581e440_0;
    %dup/vec4;
    %pushi/vec4 0, 0, 3;
    %cmp/u;
    %jmp/1 T_7.4, 6;
    %dup/vec4;
    %pushi/vec4 1, 0, 3;
    %cmp/u;
    %jmp/1 T_7.5, 6;
    %dup/vec4;
    %pushi/vec4 2, 0, 3;
    %cmp/u;
    %jmp/1 T_7.6, 6;
    %dup/vec4;
    %pushi/vec4 3, 0, 3;
    %cmp/u;
    %jmp/1 T_7.7, 6;
    %dup/vec4;
    %pushi/vec4 4, 0, 3;
    %cmp/u;
    %jmp/1 T_7.8, 6;
    %dup/vec4;
    %pushi/vec4 5, 0, 3;
    %cmp/u;
    %jmp/1 T_7.9, 6;
    %jmp T_7.10;
T_7.4 ;
    %load/vec4 v000002466581f2a0_0;
    %pushi/vec4 77, 0, 8; draw_string_vec4
    %cmp/e;
    %flag_mov 8, 4;
    %jmp/0 T_7.11, 8;
    %pushi/vec4 1, 0, 3;
    %jmp/1 T_7.12, 8;
T_7.11 ; End of true expr.
    %pushi/vec4 0, 0, 3;
    %jmp/0 T_7.12, 8;
 ; End of false expr.
    %blend;
T_7.12;
    %assign/vec4 v000002466581e440_0, 0;
    %jmp T_7.10;
T_7.5 ;
    %load/vec4 v000002466581f2a0_0;
    %pushi/vec4 111, 0, 8; draw_string_vec4
    %cmp/e;
    %flag_mov 8, 4;
    %jmp/0 T_7.13, 8;
    %pushi/vec4 2, 0, 3;
    %jmp/1 T_7.14, 8;
T_7.13 ; End of true expr.
    %load/vec4 v000002466581f2a0_0;
    %pushi/vec4 77, 0, 8; draw_string_vec4
    %cmp/e;
    %flag_mov 9, 4;
    %jmp/0 T_7.15, 9;
    %pushi/vec4 1, 0, 3;
    %jmp/1 T_7.16, 9;
T_7.15 ; End of true expr.
    %pushi/vec4 0, 0, 3;
    %jmp/0 T_7.16, 9;
 ; End of false expr.
    %blend;
T_7.16;
    %jmp/0 T_7.14, 8;
 ; End of false expr.
    %blend;
T_7.14;
    %assign/vec4 v000002466581e440_0, 0;
    %jmp T_7.10;
T_7.6 ;
    %load/vec4 v000002466581f2a0_0;
    %pushi/vec4 100, 0, 8; draw_string_vec4
    %cmp/e;
    %flag_mov 8, 4;
    %jmp/0 T_7.17, 8;
    %pushi/vec4 3, 0, 3;
    %jmp/1 T_7.18, 8;
T_7.17 ; End of true expr.
    %load/vec4 v000002466581f2a0_0;
    %pushi/vec4 77, 0, 8; draw_string_vec4
    %cmp/e;
    %flag_mov 9, 4;
    %jmp/0 T_7.19, 9;
    %pushi/vec4 1, 0, 3;
    %jmp/1 T_7.20, 9;
T_7.19 ; End of true expr.
    %pushi/vec4 0, 0, 3;
    %jmp/0 T_7.20, 9;
 ; End of false expr.
    %blend;
T_7.20;
    %jmp/0 T_7.18, 8;
 ; End of false expr.
    %blend;
T_7.18;
    %assign/vec4 v000002466581e440_0, 0;
    %jmp T_7.10;
T_7.7 ;
    %load/vec4 v000002466581f2a0_0;
    %pushi/vec4 101, 0, 8; draw_string_vec4
    %cmp/e;
    %flag_mov 8, 4;
    %jmp/0 T_7.21, 8;
    %pushi/vec4 4, 0, 3;
    %jmp/1 T_7.22, 8;
T_7.21 ; End of true expr.
    %load/vec4 v000002466581f2a0_0;
    %pushi/vec4 77, 0, 8; draw_string_vec4
    %cmp/e;
    %flag_mov 9, 4;
    %jmp/0 T_7.23, 9;
    %pushi/vec4 1, 0, 3;
    %jmp/1 T_7.24, 9;
T_7.23 ; End of true expr.
    %pushi/vec4 0, 0, 3;
    %jmp/0 T_7.24, 9;
 ; End of false expr.
    %blend;
T_7.24;
    %jmp/0 T_7.22, 8;
 ; End of false expr.
    %blend;
T_7.22;
    %assign/vec4 v000002466581e440_0, 0;
    %jmp T_7.10;
T_7.8 ;
    %load/vec4 v000002466581f2a0_0;
    %pushi/vec4 32, 0, 8; draw_string_vec4
    %cmp/e;
    %flag_mov 8, 4;
    %jmp/0 T_7.25, 8;
    %pushi/vec4 5, 0, 3;
    %jmp/1 T_7.26, 8;
T_7.25 ; End of true expr.
    %load/vec4 v000002466581f2a0_0;
    %pushi/vec4 77, 0, 8; draw_string_vec4
    %cmp/e;
    %flag_mov 9, 4;
    %jmp/0 T_7.27, 9;
    %pushi/vec4 1, 0, 3;
    %jmp/1 T_7.28, 9;
T_7.27 ; End of true expr.
    %pushi/vec4 0, 0, 3;
    %jmp/0 T_7.28, 9;
 ; End of false expr.
    %blend;
T_7.28;
    %jmp/0 T_7.26, 8;
 ; End of false expr.
    %blend;
T_7.26;
    %assign/vec4 v000002466581e440_0, 0;
    %jmp T_7.10;
T_7.9 ;
    %pushi/vec4 49, 0, 8; draw_string_vec4
    %load/vec4 v000002466581f2a0_0;
    %cmp/u;
    %flag_or 5, 4;
    %flag_get/vec4 5;
    %jmp/0 T_7.31, 5;
    %load/vec4 v000002466581f2a0_0;
    %pushi/vec4 56, 0, 8; draw_string_vec4
    %cmp/u;
    %flag_get/vec4 4;
    %flag_get/vec4 5;
    %or;
    %and;
T_7.31;
    %flag_set/vec4 8;
    %jmp/0xz  T_7.29, 8;
    %load/vec4 v000002466581f2a0_0;
    %pushi/vec4 48, 0, 8; draw_string_vec4
    %sub;
    %pad/u 4;
    %assign/vec4 v000002466581ebc0_0, 0;
T_7.29 ;
    %pushi/vec4 0, 0, 3;
    %assign/vec4 v000002466581e440_0, 0;
    %jmp T_7.10;
T_7.10 ;
    %pop/vec4 1;
T_7.2 ;
T_7.1 ;
    %jmp T_7;
    .thread T_7;
    .scope S_00000246657a4070;
T_8 ;
    %wait E_00000246657864b0;
    %load/vec4 v000002466581f7a0_0;
    %nor/r;
    %flag_set/vec4 8;
    %jmp/0xz  T_8.0, 8;
    %pushi/vec4 0, 0, 2;
    %assign/vec4 v000002466581f700_0, 0;
    %pushi/vec4 0, 0, 1;
    %assign/vec4 v000002466581e3a0_0, 0;
    %pushi/vec4 0, 0, 4;
    %assign/vec4 v000002466581fc00_0, 0;
    %jmp T_8.1;
T_8.0 ;
    %pushi/vec4 0, 0, 1;
    %assign/vec4 v000002466581e3a0_0, 0;
    %load/vec4 v000002466581f700_0;
    %dup/vec4;
    %pushi/vec4 0, 0, 2;
    %cmp/u;
    %jmp/1 T_8.2, 6;
    %dup/vec4;
    %pushi/vec4 1, 0, 2;
    %cmp/u;
    %jmp/1 T_8.3, 6;
    %dup/vec4;
    %pushi/vec4 2, 0, 2;
    %cmp/u;
    %jmp/1 T_8.4, 6;
    %jmp T_8.5;
T_8.2 ;
    %load/vec4 v000002466581ebc0_0;
    %pad/u 32;
    %cmpi/ne 0, 0, 32;
    %flag_get/vec4 4;
    %jmp/0 T_8.8, 4;
    %load/vec4 v000002466581ec60_0;
    %nor/r;
    %and;
T_8.8;
    %flag_set/vec4 8;
    %jmp/0xz  T_8.6, 8;
    %load/vec4 v000002466581ebc0_0;
    %subi 1, 0, 4;
    %pad/u 3;
    %assign/vec4 v000002466581e800_0, 0;
    %pushi/vec4 0, 0, 4;
    %assign/vec4 v000002466581fc00_0, 0;
    %pushi/vec4 1, 0, 2;
    %assign/vec4 v000002466581f700_0, 0;
T_8.6 ;
    %jmp T_8.5;
T_8.3 ;
    %load/vec4 v000002466581ec60_0;
    %nor/r;
    %flag_set/vec4 8;
    %jmp/0xz  T_8.9, 8;
    %load/vec4 v000002466581e800_0;
    %load/vec4 v000002466581fc00_0;
    %store/vec4 v000002466581ff20_0, 0, 4;
    %store/vec4 v000002466581eee0_0, 0, 3;
    %callf/vec4 TD_tb_uart.dut.get_char, S_0000024665788c00;
    %assign/vec4 v000002466581f840_0, 0;
    %pushi/vec4 1, 0, 1;
    %assign/vec4 v000002466581e3a0_0, 0;
    %pushi/vec4 2, 0, 2;
    %assign/vec4 v000002466581f700_0, 0;
T_8.9 ;
    %jmp T_8.5;
T_8.4 ;
    %load/vec4 v000002466581ec60_0;
    %nor/r;
    %flag_set/vec4 8;
    %jmp/0xz  T_8.11, 8;
    %load/vec4 v000002466581fc00_0;
    %pad/u 32;
    %cmpi/e 15, 0, 32;
    %jmp/0xz  T_8.13, 4;
    %pushi/vec4 0, 0, 2;
    %assign/vec4 v000002466581f700_0, 0;
    %jmp T_8.14;
T_8.13 ;
    %load/vec4 v000002466581fc00_0;
    %addi 1, 0, 4;
    %assign/vec4 v000002466581fc00_0, 0;
    %pushi/vec4 1, 0, 2;
    %assign/vec4 v000002466581f700_0, 0;
T_8.14 ;
T_8.11 ;
    %jmp T_8.5;
T_8.5 ;
    %pop/vec4 1;
T_8.1 ;
    %jmp T_8;
    .thread T_8;
    .scope S_00000246657a3ee0;
T_9 ;
    %delay 18000, 0;
    %load/vec4 v000002466581f8e0_0;
    %inv;
    %store/vec4 v000002466581f8e0_0, 0, 1;
    %jmp T_9;
    .thread T_9;
    .scope S_00000246657a3ee0;
T_10 ;
    %vpi_call 2 44 "$dumpfile", "uart_tb.vcd" {0 0 0};
    %vpi_call 2 45 "$dumpvars", 32'sb00000000000000000000000000000000, S_00000246657a3ee0 {0 0 0};
    %pushi/vec4 0, 0, 1;
    %store/vec4 v000002466581f8e0_0, 0, 1;
    %pushi/vec4 1, 0, 1;
    %store/vec4 v000002466581f340_0, 0, 1;
    %pushi/vec4 0, 0, 1;
    %store/vec4 v000002466581e260_0, 0, 1;
    %delay 200000, 0;
    %pushi/vec4 1, 0, 1;
    %store/vec4 v000002466581e260_0, 0, 1;
    %delay 200000000, 0;
    %pushi/vec4 77, 0, 8; draw_string_vec4
    %store/vec4 v000002466581fa20_0, 0, 8;
    %fork TD_tb_uart.uart_send_byte, S_0000024665788d90;
    %join;
    %pushi/vec4 111, 0, 8; draw_string_vec4
    %store/vec4 v000002466581fa20_0, 0, 8;
    %fork TD_tb_uart.uart_send_byte, S_0000024665788d90;
    %join;
    %pushi/vec4 100, 0, 8; draw_string_vec4
    %store/vec4 v000002466581fa20_0, 0, 8;
    %fork TD_tb_uart.uart_send_byte, S_0000024665788d90;
    %join;
    %pushi/vec4 101, 0, 8; draw_string_vec4
    %store/vec4 v000002466581fa20_0, 0, 8;
    %fork TD_tb_uart.uart_send_byte, S_0000024665788d90;
    %join;
    %pushi/vec4 32, 0, 8; draw_string_vec4
    %store/vec4 v000002466581fa20_0, 0, 8;
    %fork TD_tb_uart.uart_send_byte, S_0000024665788d90;
    %join;
    %pushi/vec4 51, 0, 8; draw_string_vec4
    %store/vec4 v000002466581fa20_0, 0, 8;
    %fork TD_tb_uart.uart_send_byte, S_0000024665788d90;
    %join;
    %pushi/vec4 10, 0, 8; draw_string_vec4
    %store/vec4 v000002466581fa20_0, 0, 8;
    %fork TD_tb_uart.uart_send_byte, S_0000024665788d90;
    %join;
    %delay 3000000000, 0;
    %pushi/vec4 77, 0, 8; draw_string_vec4
    %store/vec4 v000002466581fa20_0, 0, 8;
    %fork TD_tb_uart.uart_send_byte, S_0000024665788d90;
    %join;
    %pushi/vec4 111, 0, 8; draw_string_vec4
    %store/vec4 v000002466581fa20_0, 0, 8;
    %fork TD_tb_uart.uart_send_byte, S_0000024665788d90;
    %join;
    %pushi/vec4 100, 0, 8; draw_string_vec4
    %store/vec4 v000002466581fa20_0, 0, 8;
    %fork TD_tb_uart.uart_send_byte, S_0000024665788d90;
    %join;
    %pushi/vec4 101, 0, 8; draw_string_vec4
    %store/vec4 v000002466581fa20_0, 0, 8;
    %fork TD_tb_uart.uart_send_byte, S_0000024665788d90;
    %join;
    %pushi/vec4 32, 0, 8; draw_string_vec4
    %store/vec4 v000002466581fa20_0, 0, 8;
    %fork TD_tb_uart.uart_send_byte, S_0000024665788d90;
    %join;
    %pushi/vec4 56, 0, 8; draw_string_vec4
    %store/vec4 v000002466581fa20_0, 0, 8;
    %fork TD_tb_uart.uart_send_byte, S_0000024665788d90;
    %join;
    %pushi/vec4 10, 0, 8; draw_string_vec4
    %store/vec4 v000002466581fa20_0, 0, 8;
    %fork TD_tb_uart.uart_send_byte, S_0000024665788d90;
    %join;
    %delay 705032704, 1;
    %vpi_call 2 77 "$stop" {0 0 0};
    %end;
    .thread T_10;
# The file index is used to find the file name in the following table.
:file_names 6;
    "N/A";
    "<interactive>";
    "tb_uart.v";
    "uart.v";
    "uart_rx.v";
    "uart_tx.v";
